Archive member included to satisfy reference by file (symbol)

c:/st/stm32cubeide_1.5.0/stm32cubeide/plugins/com.st.stm32cube.ide.mcu.externaltools.gnu-tools-for-stm32.7-2018-q2-update.win32_1.5.0.202011040924/tools/bin/../lib/gcc/arm-none-eabi/7.3.1/../../../../arm-none-eabi/lib/thumb/v7e-m/fpv4-sp/hard\libc_nano.a(lib_a-errno.o)
                              Core/Src/syscalls.o (__errno)
c:/st/stm32cubeide_1.5.0/stm32cubeide/plugins/com.st.stm32cube.ide.mcu.externaltools.gnu-tools-for-stm32.7-2018-q2-update.win32_1.5.0.202011040924/tools/bin/../lib/gcc/arm-none-eabi/7.3.1/../../../../arm-none-eabi/lib/thumb/v7e-m/fpv4-sp/hard\libc_nano.a(lib_a-exit.o)
                              c:/st/stm32cubeide_1.5.0/stm32cubeide/plugins/com.st.stm32cube.ide.mcu.externaltools.gnu-tools-for-stm32.7-2018-q2-update.win32_1.5.0.202011040924/tools/bin/../lib/gcc/arm-none-eabi/7.3.1/../../../../arm-none-eabi/lib/thumb/v7e-m/fpv4-sp/hard/crt0.o (exit)
c:/st/stm32cubeide_1.5.0/stm32cubeide/plugins/com.st.stm32cube.ide.mcu.externaltools.gnu-tools-for-stm32.7-2018-q2-update.win32_1.5.0.202011040924/tools/bin/../lib/gcc/arm-none-eabi/7.3.1/../../../../arm-none-eabi/lib/thumb/v7e-m/fpv4-sp/hard\libc_nano.a(lib_a-impure.o)
                              c:/st/stm32cubeide_1.5.0/stm32cubeide/plugins/com.st.stm32cube.ide.mcu.externaltools.gnu-tools-for-stm32.7-2018-q2-update.win32_1.5.0.202011040924/tools/bin/../lib/gcc/arm-none-eabi/7.3.1/../../../../arm-none-eabi/lib/thumb/v7e-m/fpv4-sp/hard\libc_nano.a(lib_a-exit.o) (_global_impure_ptr)
c:/st/stm32cubeide_1.5.0/stm32cubeide/plugins/com.st.stm32cube.ide.mcu.externaltools.gnu-tools-for-stm32.7-2018-q2-update.win32_1.5.0.202011040924/tools/bin/../lib/gcc/arm-none-eabi/7.3.1/../../../../arm-none-eabi/lib/thumb/v7e-m/fpv4-sp/hard\libc_nano.a(lib_a-init.o)
                              c:/st/stm32cubeide_1.5.0/stm32cubeide/plugins/com.st.stm32cube.ide.mcu.externaltools.gnu-tools-for-stm32.7-2018-q2-update.win32_1.5.0.202011040924/tools/bin/../lib/gcc/arm-none-eabi/7.3.1/../../../../arm-none-eabi/lib/thumb/v7e-m/fpv4-sp/hard/crt0.o (__libc_init_array)
c:/st/stm32cubeide_1.5.0/stm32cubeide/plugins/com.st.stm32cube.ide.mcu.externaltools.gnu-tools-for-stm32.7-2018-q2-update.win32_1.5.0.202011040924/tools/bin/../lib/gcc/arm-none-eabi/7.3.1/../../../../arm-none-eabi/lib/thumb/v7e-m/fpv4-sp/hard\libc_nano.a(lib_a-memset.o)
                              c:/st/stm32cubeide_1.5.0/stm32cubeide/plugins/com.st.stm32cube.ide.mcu.externaltools.gnu-tools-for-stm32.7-2018-q2-update.win32_1.5.0.202011040924/tools/bin/../lib/gcc/arm-none-eabi/7.3.1/../../../../arm-none-eabi/lib/thumb/v7e-m/fpv4-sp/hard/crt0.o (memset)
c:/st/stm32cubeide_1.5.0/stm32cubeide/plugins/com.st.stm32cube.ide.mcu.externaltools.gnu-tools-for-stm32.7-2018-q2-update.win32_1.5.0.202011040924/tools/bin/../lib/gcc/arm-none-eabi/7.3.1/../../../../arm-none-eabi/lib/thumb/v7e-m/fpv4-sp/hard\libc_nano.a(lib_a-snprintf.o)
                              HyEnD_OS/peripherals/logger/SDlogger.o (snprintf)
c:/st/stm32cubeide_1.5.0/stm32cubeide/plugins/com.st.stm32cube.ide.mcu.externaltools.gnu-tools-for-stm32.7-2018-q2-update.win32_1.5.0.202011040924/tools/bin/../lib/gcc/arm-none-eabi/7.3.1/../../../../arm-none-eabi/lib/thumb/v7e-m/fpv4-sp/hard\libc_nano.a(lib_a-sprintf.o)
                              HyEnD_OS/connectivity/sd/SDfileHandling.o (sprintf)
c:/st/stm32cubeide_1.5.0/stm32cubeide/plugins/com.st.stm32cube.ide.mcu.externaltools.gnu-tools-for-stm32.7-2018-q2-update.win32_1.5.0.202011040924/tools/bin/../lib/gcc/arm-none-eabi/7.3.1/../../../../arm-none-eabi/lib/thumb/v7e-m/fpv4-sp/hard\libc_nano.a(lib_a-nano-svfprintf.o)
                              c:/st/stm32cubeide_1.5.0/stm32cubeide/plugins/com.st.stm32cube.ide.mcu.externaltools.gnu-tools-for-stm32.7-2018-q2-update.win32_1.5.0.202011040924/tools/bin/../lib/gcc/arm-none-eabi/7.3.1/../../../../arm-none-eabi/lib/thumb/v7e-m/fpv4-sp/hard\libc_nano.a(lib_a-snprintf.o) (_svfprintf_r)
c:/st/stm32cubeide_1.5.0/stm32cubeide/plugins/com.st.stm32cube.ide.mcu.externaltools.gnu-tools-for-stm32.7-2018-q2-update.win32_1.5.0.202011040924/tools/bin/../lib/gcc/arm-none-eabi/7.3.1/../../../../arm-none-eabi/lib/thumb/v7e-m/fpv4-sp/hard\libc_nano.a(lib_a-nano-vfprintf_i.o)
                              c:/st/stm32cubeide_1.5.0/stm32cubeide/plugins/com.st.stm32cube.ide.mcu.externaltools.gnu-tools-for-stm32.7-2018-q2-update.win32_1.5.0.202011040924/tools/bin/../lib/gcc/arm-none-eabi/7.3.1/../../../../arm-none-eabi/lib/thumb/v7e-m/fpv4-sp/hard\libc_nano.a(lib_a-nano-svfprintf.o) (_printf_i)
c:/st/stm32cubeide_1.5.0/stm32cubeide/plugins/com.st.stm32cube.ide.mcu.externaltools.gnu-tools-for-stm32.7-2018-q2-update.win32_1.5.0.202011040924/tools/bin/../lib/gcc/arm-none-eabi/7.3.1/../../../../arm-none-eabi/lib/thumb/v7e-m/fpv4-sp/hard\libc_nano.a(lib_a-memchr.o)
[...]
Memory Configuration

Name             Origin             Length             Attributes
RAM              0x0000000020000000 0x0000000000050000 xrw
FLASH            0x0000000008000000 0x0000000000180000 xr
*default*        0x0000000000000000 0xffffffffffffffff

Linker script and memory map

LOAD c:/st/stm32cubeide_1.5.0/stm32cubeide/plugins/com.st.stm32cube.ide.mcu.externaltools.gnu-tools-for-stm32.7-2018-q2-update.win32_1.5.0.202011040924/tools/bin/../lib/gcc/arm-none-eabi/7.3.1/thumb/v7e-m/fpv4-sp/hard/crti.o
LOAD c:/st/stm32cubeide_1.5.0/stm32cubeide/plugins/com.st.stm32cube.ide.mcu.externaltools.gnu-tools-for-stm32.7-2018-q2-update.win32_1.5.0.202011040924/tools/bin/../lib/gcc/arm-none-eabi/7.3.1/thumb/v7e-m/fpv4-sp/hard/crtbegin.o
LOAD c:/st/stm32cubeide_1.5.0/stm32cubeide/plugins/com.st.stm32cube.ide.mcu.externaltools.gnu-tools-for-stm32.7-2018-q2-update.win32_1.5.0.202011040924/tools/bin/../lib/gcc/arm-none-eabi/7.3.1/../../../../arm-none-eabi/lib/thumb/v7e-m/fpv4-sp/hard/crt0.o
LOAD Core/Src/can.o
LOAD Core/Src/gpio.o
LOAD Core/Src/main.o
LOAD Core/Src/sdio.o
LOAD Core/Src/spi.o
LOAD Core/Src/stm32f4xx_hal_msp.o
LOAD Core/Src/stm32f4xx_it.o
LOAD Core/Src/syscalls.o
LOAD Core/Src/sysmem.o
LOAD Core/Src/system_stm32f4xx.o
LOAD Core/Src/usart.o
LOAD Core/Startup/startup_stm32f423rhtx.o
LOAD Drivers/STM32F4xx_HAL_Driver/Src/stm32f4xx_hal.o
LOAD Drivers/STM32F4xx_HAL_Driver/Src/stm32f4xx_hal_can.o
LOAD Drivers/STM32F4xx_HAL_Driver/Src/stm32f4xx_hal_cortex.o
LOAD Drivers/STM32F4xx_HAL_Driver/Src/stm32f4xx_hal_dma.o
LOAD Drivers/STM32F4xx_HAL_Driver/Src/stm32f4xx_hal_dma_ex.o
LOAD Drivers/STM32F4xx_HAL_Driver/Src/stm32f4xx_hal_exti.o
LOAD Drivers/STM32F4xx_HAL_Driver/Src/stm32f4xx_hal_flash.o
LOAD Drivers/STM32F4xx_HAL_Driver/Src/stm32f4xx_hal_flash_ex.o
LOAD Drivers/STM32F4xx_HAL_Driver/Src/stm32f4xx_hal_flash_ramfunc.o
LOAD Drivers/STM32F4xx_HAL_Driver/Src/stm32f4xx_hal_gpio.o
LOAD Drivers/STM32F4xx_HAL_Driver/Src/stm32f4xx_hal_pwr.o
LOAD Drivers/STM32F4xx_HAL_Driver/Src/stm32f4xx_hal_pwr_ex.o
LOAD Drivers/STM32F4xx_HAL_Driver/Src/stm32f4xx_hal_rcc.o
LOAD Drivers/STM32F4xx_HAL_Driver/Src/stm32f4xx_hal_rcc_ex.o
LOAD Drivers/STM32F4xx_HAL_Driver/Src/stm32f4xx_hal_sd.o
LOAD Drivers/STM32F4xx_HAL_Driver/Src/stm32f4xx_hal_spi.o
LOAD Drivers/STM32F4xx_HAL_Driver/Src/stm32f4xx_hal_tim.o
LOAD Drivers/STM32F4xx_HAL_Driver/Src/stm32f4xx_hal_tim_ex.o
LOAD Drivers/STM32F4xx_HAL_Driver/Src/stm32f4xx_hal_uart.o
LOAD Drivers/STM32F4xx_HAL_Driver/Src/stm32f4xx_ll_sdmmc.o
LOAD FATFS/App/fatfs.o
LOAD FATFS/Target/bsp_driver_sd.o
LOAD FATFS/Target/sd_diskio.o
LOAD HyEnD_OS/connectivity/canTri/canTri.o
LOAD HyEnD_OS/connectivity/sd/SDfileHandling.o
LOAD HyEnD_OS/core/canProtocol/canProtocol.o
LOAD HyEnD_OS/core/stateMachine/stateMachine.o
LOAD HyEnD_OS/drivers/utils/strings/StringUtils.o
LOAD HyEnD_OS/drivers/utils/xprintf/xprintf.o
LOAD HyEnD_OS/hyendOS/canProtocolImplementation/canProtocolImpl.o
LOAD HyEnD_OS/peripherals/adc/ADS8688/ads8688.o
LOAD HyEnD_OS/peripherals/imu/BMI088.o
LOAD HyEnD_OS/peripherals/logger/SDlogger.o
LOAD HyEnD_OS/peripherals/pressure/MS5607.o
LOAD HyEnD_OS/systems/compass/rsms/rsms.o
LOAD HyEnD_OS/systems/compass/rsms/rsms_board.o
LOAD HyEnD_OS/systems/hyend_os_systems.o
LOAD HyEnD_OS/systems/test/fsms/fsms_test.o
LOAD HyEnD_OS/systems/test/fsms/fsms_test_tasks.o
LOAD HyEnD_OS/systems/test/gse/gse_test.o
LOAD HyEnD_OS/systems/test/ifc/ifc_test.o
LOAD HyEnD_OS/systems/test/ifc/ifc_test_tasks.o
LOAD HyEnD_OS/systems/test/rsms/rsms_test.o
LOAD HyEnD_OS/systems/test/rsms/rsms_test_tasks.o
LOAD Middlewares/Third_Party/FatFs/src/diskio.o
LOAD Middlewares/Third_Party/FatFs/src/ff.o
LOAD Middlewares/Third_Party/FatFs/src/ff_gen_drv.o
LOAD Middlewares/Third_Party/FatFs/src/option/syscall.o
START GROUP
LOAD c:/st/stm32cubeide_1.5.0/stm32cubeide/plugins/com.st.stm32cube.ide.mcu.externaltools.gnu-tools-for-stm32.7-2018-q2-update.win32_1.5.0.202011040924/tools/bin/../lib/gcc/arm-none-eabi/7.3.1/../../../../arm-none-eabi/lib/thumb/v7e-m/fpv4-sp/hard\libc_nano.a
LOAD c:/st/stm32cubeide_1.5.0/stm32cubeide/plugins/com.st.stm32cube.ide.mcu.externaltools.gnu-tools-for-stm32.7-2018-q2-update.win32_1.5.0.202011040924/tools/bin/../lib/gcc/arm-none-eabi/7.3.1/../../../../arm-none-eabi/lib/thumb/v7e-m/fpv4-sp/hard\libm.a
END GROUP
START GROUP
LOAD c:/st/stm32cubeide_1.5.0/stm32cubeide/plugins/com.st.stm32cube.ide.mcu.externaltools.gnu-tools-for-stm32.7-2018-q2-update.win32_1.5.0.202011040924/tools/bin/../lib/gcc/arm-none-eabi/7.3.1/thumb/v7e-m/fpv4-sp/hard\libgcc.a
LOAD c:/st/stm32cubeide_1.5.0/stm32cubeide/plugins/com.st.stm32cube.ide.mcu.externaltools.gnu-tools-for-stm32.7-2018-q2-update.win32_1.5.0.202011040924/tools/bin/../lib/gcc/arm-none-eabi/7.3.1/../../../../arm-none-eabi/lib/thumb/v7e-m/fpv4-sp/hard\libc_nano.a
END GROUP
START GROUP
LOAD c:/st/stm32cubeide_1.5.0/stm32cubeide/plugins/com.st.stm32cube.ide.mcu.externaltools.gnu-tools-for-stm32.7-2018-q2-update.win32_1.5.0.202011040924/tools/bin/../lib/gcc/arm-none-eabi/7.3.1/thumb/v7e-m/fpv4-sp/hard\libgcc.a
LOAD c:/st/stm32cubeide_1.5.0/stm32cubeide/plugins/com.st.stm32cube.ide.mcu.externaltools.gnu-tools-for-stm32.7-2018-q2-update.win32_1.5.0.202011040924/tools/bin/../lib/gcc/arm-none-eabi/7.3.1/../../../../arm-none-eabi/lib/thumb/v7e-m/fpv4-sp/hard\libc_nano.a
LOAD c:/st/stm32cubeide_1.5.0/stm32cubeide/plugins/com.st.stm32cube.ide.mcu.externaltools.gnu-tools-for-stm32.7-2018-q2-update.win32_1.5.0.202011040924/tools/bin/../lib/gcc/arm-none-eabi/7.3.1/../../../../arm-none-eabi/lib/thumb/v7e-m/fpv4-sp/hard\libnosys.a
END GROUP
START GROUP
LOAD c:/st/stm32cubeide_1.5.0/stm32cubeide/plugins/com.st.stm32cube.ide.mcu.externaltools.gnu-tools-for-stm32.7-2018-q2-update.win32_1.5.0.202011040924/tools/bin/../lib/gcc/arm-none-eabi/7.3.1/thumb/v7e-m/fpv4-sp/hard\libgcc.a
LOAD c:/st/stm32cubeide_1.5.0/stm32cubeide/plugins/com.st.stm32cube.ide.mcu.externaltools.gnu-tools-for-stm32.7-2018-q2-update.win32_1.5.0.202011040924/tools/bin/../lib/gcc/arm-none-eabi/7.3.1/../../../../arm-none-eabi/lib/thumb/v7e-m/fpv4-sp/hard\libc_nano.a
LOAD c:/st/stm32cubeide_1.5.0/stm32cubeide/plugins/com.st.stm32cube.ide.mcu.externaltools.gnu-tools-for-stm32.7-2018-q2-update.win32_1.5.0.202011040924/tools/bin/../lib/gcc/arm-none-eabi/7.3.1/../../../../arm-none-eabi/lib/thumb/v7e-m/fpv4-sp/hard\libnosys.a
END GROUP
LOAD c:/st/stm32cubeide_1.5.0/stm32cubeide/plugins/com.st.stm32cube.ide.mcu.externaltools.gnu-tools-for-stm32.7-2018-q2-update.win32_1.5.0.202011040924/tools/bin/../lib/gcc/arm-none-eabi/7.3.1/thumb/v7e-m/fpv4-sp/hard/crtend.o
LOAD c:/st/stm32cubeide_1.5.0/stm32cubeide/plugins/com.st.stm32cube.ide.mcu.externaltools.gnu-tools-for-stm32.7-2018-q2-update.win32_1.5.0.202011040924/tools/bin/../lib/gcc/arm-none-eabi/7.3.1/thumb/v7e-m/fpv4-sp/hard/crtn.o
                0x0000000020050000                _estack = (ORIGIN (RAM) + LENGTH (RAM))
                0x0000000000000200                _Min_Heap_Size = 0x200
                0x0000000000000400                _Min_Stack_Size = 0x400

.isr_vector     0x0000000008000000      0x1d8
                0x0000000008000000                . = ALIGN (0x4)
 *(.isr_vector)
 .isr_vector    0x0000000008000000      0x1d8 Core/Startup/startup_stm32f423rhtx.o
                0x0000000008000000                g_pfnVectors
                0x00000000080001d8                . = ALIGN (0x4)

.text           0x00000000080001d8     0x56c4
                0x00000000080001d8                . = ALIGN (0x4)
 *(.text)
 .text          0x00000000080001d8       0x40 c:/st/stm32cubeide_1.5.0/stm32cubeide/plugins/com.st.stm32cube.ide.mcu.externaltools.gnu-tools-for-stm32.7-2018-q2-update.win32_1.5.0.202011040924/tools/bin/../lib/gcc/arm-none-eabi/7.3.1/thumb/v7e-m/fpv4-sp/hard/crtbegin.o
 .text          0x0000000008000218       0x30 c:/st/stm32cubeide_1.5.0/stm32cubeide/plugins/com.st.stm32cube.ide.mcu.externaltools.gnu-tools-for-stm32.7-2018-q2-update.win32_1.5.0.202011040924/tools/bin/../lib/gcc/arm-none-eabi/7.3.1/thumb/v7e-m/fpv4-sp/hard\libgcc.a(_aeabi_uldivmod.o)
                0x0000000008000218                __aeabi_uldivmod
 .text          0x0000000008000248      0x2cc c:/st/stm32cubeide_1.5.0/stm32cubeide/plugins/com.st.stm32cube.ide.mcu.externaltools.gnu-tools-for-stm32.7-2018-q2-update.win32_1.5.0.202011040924/tools/bin/../lib/gcc/arm-none-eabi/7.3.1/thumb/v7e-m/fpv4-sp/hard\libgcc.a(_udivmoddi4.o)
                0x0000000008000248                __udivmoddi4
 .text          0x0000000008000514        0x4 c:/st/stm32cubeide_1.5.0/stm32cubeide/plugins/com.st.stm32cube.ide.mcu.externaltools.gnu-tools-for-stm32.7-2018-q2-update.win32_1.5.0.202011040924/tools/bin/../lib/gcc/arm-none-eabi/7.3.1/thumb/v7e-m/fpv4-sp/hard\libgcc.a(_dvmd_tls.o)
                0x0000000008000514                __aeabi_idiv0
                0x0000000008000514                __aeabi_ldiv0
 *(.text*)
 .text.MX_CAN3_Init
                0x0000000008000518       0x6c Core/Src/can.o
                0x0000000008000518                MX_CAN3_Init
 .text.HAL_CAN_MspInit
                0x0000000008000584       0xa0 Core/Src/can.o
                0x0000000008000584                HAL_CAN_MspInit
 .text.MX_GPIO_Init
                0x0000000008000624      0x148 Core/Src/gpio.o
                0x0000000008000624                MX_GPIO_Init
 .text.main     0x000000000800076c       0x74 Core/Src/main.o
                0x000000000800076c                main
 .text.SystemClock_Config
                0x00000000080007e0      0x114 Core/Src/main.o
                0x00000000080007e0                SystemClock_Config
 .text.Error_Handler
                0x00000000080008f4        0x8 Core/Src/main.o
                0x00000000080008f4                Error_Handler
 .text.MX_SDIO_SD_Init
                0x00000000080008fc       0x40 Core/Src/sdio.o
                0x00000000080008fc                MX_SDIO_SD_Init
 .text.HAL_SD_MspInit
                0x000000000800093c       0xf4 Core/Src/sdio.o
                0x000000000800093c                HAL_SD_MspInit
 .text.MX_SPI1_Init
                0x0000000008000a30       0x70 Core/Src/spi.o
                0x0000000008000a30                MX_SPI1_Init
 .text.MX_SPI2_Init
                0x0000000008000aa0       0x70 Core/Src/spi.o
                0x0000000008000aa0                MX_SPI2_Init
 .text.HAL_SPI_MspInit
                0x0000000008000b10       0xfc Core/Src/spi.o
                0x0000000008000b10                HAL_SPI_MspInit
 .text.HAL_MspInit
                0x0000000008000c0c       0x50 Core/Src/stm32f4xx_hal_msp.o
                0x0000000008000c0c                HAL_MspInit
 .text.NMI_Handler
                0x0000000008000c5c        0x6 Core/Src/stm32f4xx_it.o
                0x0000000008000c5c                NMI_Handler
 .text.HardFault_Handler
                0x0000000008000c62        0x6 Core/Src/stm32f4xx_it.o
                0x0000000008000c62                HardFault_Handler
 .text.MemManage_Handler
                0x0000000008000c68        0x6 Core/Src/stm32f4xx_it.o
                0x0000000008000c68                MemManage_Handler
 .text.BusFault_Handler
                0x0000000008000c6e        0x6 Core/Src/stm32f4xx_it.o
                0x0000000008000c6e                BusFault_Handler
 .text.UsageFault_Handler
                0x0000000008000c74        0x6 Core/Src/stm32f4xx_it.o
                0x0000000008000c74                UsageFault_Handler
 .text.SVC_Handler
                0x0000000008000c7a        0xe Core/Src/stm32f4xx_it.o
                0x0000000008000c7a                SVC_Handler
 .text.DebugMon_Handler
                0x0000000008000c88        0xe Core/Src/stm32f4xx_it.o
                0x0000000008000c88                DebugMon_Handler
 .text.PendSV_Handler
                0x0000000008000c96        0xe Core/Src/stm32f4xx_it.o
                0x0000000008000c96                PendSV_Handler
 .text.SysTick_Handler
                0x0000000008000ca4        0xc Core/Src/stm32f4xx_it.o
                0x0000000008000ca4                SysTick_Handler
 .text.EXTI15_10_IRQHandler
                0x0000000008000cb0       0x24 Core/Src/stm32f4xx_it.o
                0x0000000008000cb0                EXTI15_10_IRQHandler
 .text.CAN3_RX0_IRQHandler
                0x0000000008000cd4       0x48 Core/Src/stm32f4xx_it.o
                0x0000000008000cd4                CAN3_RX0_IRQHandler
 .text.SystemInit
                0x0000000008000d1c       0x2c Core/Src/system_stm32f4xx.o
                0x0000000008000d1c                SystemInit
 .text.MX_USART2_UART_Init
                0x0000000008000d48       0x54 Core/Src/usart.o
                0x0000000008000d48                MX_USART2_UART_Init
 .text.HAL_UART_MspInit
                0x0000000008000d9c       0x90 Core/Src/usart.o
                0x0000000008000d9c                HAL_UART_MspInit
 .text.Reset_Handler
                0x0000000008000e2c       0x50 Core/Startup/startup_stm32f423rhtx.o
                0x0000000008000e2c                Reset_Handler
 .text.Default_Handler
                0x0000000008000e7c        0x2 Core/Startup/startup_stm32f423rhtx.o
                0x0000000008000e7c                RTC_Alarm_IRQHandler
                0x0000000008000e7c                EXTI2_IRQHandler
                0x0000000008000e7c                TIM8_CC_IRQHandler
                0x0000000008000e7c                UART8_IRQHandler
                0x0000000008000e7c                FMPI2C1_EV_IRQHandler
                0x0000000008000e7c                SPI4_IRQHandler
                0x0000000008000e7c                TIM1_CC_IRQHandler
                0x0000000008000e7c                DMA2_Stream5_IRQHandler
                0x0000000008000e7c                DMA1_Stream5_IRQHandler
                0x0000000008000e7c                CAN3_RX1_IRQHandler
                0x0000000008000e7c                PVD_IRQHandler
                0x0000000008000e7c                SDIO_IRQHandler
                0x0000000008000e7c                TAMP_STAMP_IRQHandler
                0x0000000008000e7c                CAN2_RX1_IRQHandler
                0x0000000008000e7c                EXTI3_IRQHandler
                0x0000000008000e7c                TIM8_TRG_COM_TIM14_IRQHandler
                0x0000000008000e7c                DFSDM1_FLT1_IRQHandler
                0x0000000008000e7c                TIM1_UP_TIM10_IRQHandler
                0x0000000008000e7c                TIM8_UP_TIM13_IRQHandler
                0x0000000008000e7c                I2C3_ER_IRQHandler
                0x0000000008000e7c                EXTI0_IRQHandler
                0x0000000008000e7c                I2C2_EV_IRQHandler
                0x0000000008000e7c                DMA1_Stream2_IRQHandler
                0x0000000008000e7c                CAN1_RX0_IRQHandler
                0x0000000008000e7c                FPU_IRQHandler
                0x0000000008000e7c                CAN3_SCE_IRQHandler
                0x0000000008000e7c                CAN2_SCE_IRQHandler
                0x0000000008000e7c                DMA2_Stream2_IRQHandler
                0x0000000008000e7c                SPI1_IRQHandler
                0x0000000008000e7c                TIM6_DAC_IRQHandler
                0x0000000008000e7c                TIM1_BRK_TIM9_IRQHandler
                0x0000000008000e7c                CAN2_RX0_IRQHandler
                0x0000000008000e7c                DMA2_Stream3_IRQHandler
                0x0000000008000e7c                USART6_IRQHandler
                0x0000000008000e7c                USART3_IRQHandler
                0x0000000008000e7c                DFSDM2_FLT3_IRQHandler
                0x0000000008000e7c                CAN1_RX1_IRQHandler
                0x0000000008000e7c                UART5_IRQHandler
                0x0000000008000e7c                DMA2_Stream0_IRQHandler
                0x0000000008000e7c                TIM4_IRQHandler
                0x0000000008000e7c                QUADSPI_IRQHandler
                0x0000000008000e7c                I2C1_EV_IRQHandler
                0x0000000008000e7c                DMA1_Stream6_IRQHandler
                0x0000000008000e7c                DMA1_Stream1_IRQHandler
                0x0000000008000e7c                UART4_IRQHandler
                0x0000000008000e7c                TIM3_IRQHandler
                0x0000000008000e7c                RCC_IRQHandler
                0x0000000008000e7c                UART9_IRQHandler
                0x0000000008000e7c                TIM8_BRK_TIM12_IRQHandler
                0x0000000008000e7c                Default_Handler
                0x0000000008000e7c                ADC_IRQHandler
                0x0000000008000e7c                DMA1_Stream7_IRQHandler
                0x0000000008000e7c                DFSDM2_FLT0_IRQHandler
                0x0000000008000e7c                SPI5_IRQHandler
                0x0000000008000e7c                TIM7_IRQHandler
                0x0000000008000e7c                CAN2_TX_IRQHandler
                0x0000000008000e7c                TIM5_IRQHandler
                0x0000000008000e7c                DMA2_Stream7_IRQHandler
                0x0000000008000e7c                I2C3_EV_IRQHandler
                0x0000000008000e7c                DFSDM2_FLT2_IRQHandler
                0x0000000008000e7c                EXTI9_5_IRQHandler
                0x0000000008000e7c                RTC_WKUP_IRQHandler
                0x0000000008000e7c                SPI2_IRQHandler
                0x0000000008000e7c                DMA1_Stream0_IRQHandler
                0x0000000008000e7c                CAN1_TX_IRQHandler
                0x0000000008000e7c                FMPI2C1_ER_IRQHandler
                0x0000000008000e7c                EXTI4_IRQHandler
                0x0000000008000e7c                DFSDM2_FLT1_IRQHandler
                0x0000000008000e7c                RNG_IRQHandler
                0x0000000008000e7c                FSMC_IRQHandler
                0x0000000008000e7c                WWDG_IRQHandler
                0x0000000008000e7c                CAN3_TX_IRQHandler
                0x0000000008000e7c                TIM2_IRQHandler
                0x0000000008000e7c                OTG_FS_WKUP_IRQHandler
                0x0000000008000e7c                TIM1_TRG_COM_TIM11_IRQHandler
                0x0000000008000e7c                EXTI1_IRQHandler
                0x0000000008000e7c                AES_IRQHandler
                0x0000000008000e7c                UART7_IRQHandler
                0x0000000008000e7c                USART2_IRQHandler
                0x0000000008000e7c                DFSDM1_FLT0_IRQHandler
                0x0000000008000e7c                I2C2_ER_IRQHandler
                0x0000000008000e7c                DMA2_Stream1_IRQHandler
                0x0000000008000e7c                CAN1_SCE_IRQHandler
                0x0000000008000e7c                FLASH_IRQHandler
                0x0000000008000e7c                DMA2_Stream4_IRQHandler
                0x0000000008000e7c                USART1_IRQHandler
                0x0000000008000e7c                OTG_FS_IRQHandler
                0x0000000008000e7c                SPI3_IRQHandler
                0x0000000008000e7c                DMA1_Stream4_IRQHandler
                0x0000000008000e7c                I2C1_ER_IRQHandler
                0x0000000008000e7c                LPTIM1_IRQHandler
                0x0000000008000e7c                DMA2_Stream6_IRQHandler
                0x0000000008000e7c                UART10_IRQHandler
                0x0000000008000e7c                SAI1_IRQHandler
                0x0000000008000e7c                DMA1_Stream3_IRQHandler
 *fill*         0x0000000008000e7e        0x2 
 .text.HAL_Init
                0x0000000008000e80       0x44 Drivers/STM32F4xx_HAL_Driver/Src/stm32f4xx_hal.o
                0x0000000008000e80                HAL_Init
 .text.HAL_InitTick
                0x0000000008000ec4       0x60 Drivers/STM32F4xx_HAL_Driver/Src/stm32f4xx_hal.o
                0x0000000008000ec4                HAL_InitTick
 .text.HAL_IncTick
                0x0000000008000f24       0x28 Drivers/STM32F4xx_HAL_Driver/Src/stm32f4xx_hal.o
                0x0000000008000f24                HAL_IncTick
 .text.HAL_GetTick
                0x0000000008000f4c       0x18 Drivers/STM32F4xx_HAL_Driver/Src/stm32f4xx_hal.o
                0x0000000008000f4c                HAL_GetTick
 .text.HAL_Delay
                0x0000000008000f64       0x44 Drivers/STM32F4xx_HAL_Driver/Src/stm32f4xx_hal.o
                0x0000000008000f64                HAL_Delay
 .text.HAL_CAN_Init
                0x0000000008000fa8      0x1f6 Drivers/STM32F4xx_HAL_Driver/Src/stm32f4xx_hal_can.o
                0x0000000008000fa8                HAL_CAN_Init
 .text.HAL_CAN_AddTxMessage
                0x000000000800119e      0x1b6 Drivers/STM32F4xx_HAL_Driver/Src/stm32f4xx_hal_can.o
                0x000000000800119e                HAL_CAN_AddTxMessage
 .text.HAL_CAN_GetRxMessage
                0x0000000008001354      0x224 Drivers/STM32F4xx_HAL_Driver/Src/stm32f4xx_hal_can.o
                0x0000000008001354                HAL_CAN_GetRxMessage
 .text.HAL_CAN_IRQHandler
                0x0000000008001578      0x362 Drivers/STM32F4xx_HAL_Driver/Src/stm32f4xx_hal_can.o
                0x0000000008001578                HAL_CAN_IRQHandler
 .text.HAL_CAN_TxMailbox0CompleteCallback
                0x00000000080018da       0x14 Drivers/STM32F4xx_HAL_Driver/Src/stm32f4xx_hal_can.o
                0x00000000080018da                HAL_CAN_TxMailbox0CompleteCallback
 .text.HAL_CAN_TxMailbox1CompleteCallback
                0x00000000080018ee       0x14 Drivers/STM32F4xx_HAL_Driver/Src/stm32f4xx_hal_can.o
                0x00000000080018ee                HAL_CAN_TxMailbox1CompleteCallback
 .text.HAL_CAN_TxMailbox2CompleteCallback
                0x0000000008001902       0x14 Drivers/STM32F4xx_HAL_Driver/Src/stm32f4xx_hal_can.o
                0x0000000008001902                HAL_CAN_TxMailbox2CompleteCallback
 .text.HAL_CAN_TxMailbox0AbortCallback
                0x0000000008001916       0x14 Drivers/STM32F4xx_HAL_Driver/Src/stm32f4xx_hal_can.o
                0x0000000008001916                HAL_CAN_TxMailbox0AbortCallback
 .text.HAL_CAN_TxMailbox1AbortCallback
                0x000000000800192a       0x14 Drivers/STM32F4xx_HAL_Driver/Src/stm32f4xx_hal_can.o
                0x000000000800192a                HAL_CAN_TxMailbox1AbortCallback
 .text.HAL_CAN_TxMailbox2AbortCallback
                0x000000000800193e       0x14 Drivers/STM32F4xx_HAL_Driver/Src/stm32f4xx_hal_can.o
                0x000000000800193e                HAL_CAN_TxMailbox2AbortCallback
 .text.HAL_CAN_RxFifo0MsgPendingCallback
                0x0000000008001952       0x14 Drivers/STM32F4xx_HAL_Driver/Src/stm32f4xx_hal_can.o
                0x0000000008001952                HAL_CAN_RxFifo0MsgPendingCallback
 .text.HAL_CAN_RxFifo0FullCallback
                0x0000000008001966       0x14 Drivers/STM32F4xx_HAL_Driver/Src/stm32f4xx_hal_can.o
                0x0000000008001966                HAL_CAN_RxFifo0FullCallback
 .text.HAL_CAN_RxFifo1MsgPendingCallback
                0x000000000800197a       0x14 Drivers/STM32F4xx_HAL_Driver/Src/stm32f4xx_hal_can.o
                0x000000000800197a                HAL_CAN_RxFifo1MsgPendingCallback
 .text.HAL_CAN_RxFifo1FullCallback
                0x000000000800198e       0x14 Drivers/STM32F4xx_HAL_Driver/Src/stm32f4xx_hal_can.o
                0x000000000800198e                HAL_CAN_RxFifo1FullCallback
 .text.HAL_CAN_SleepCallback
                0x00000000080019a2       0x14 Drivers/STM32F4xx_HAL_Driver/Src/stm32f4xx_hal_can.o
                0x00000000080019a2                HAL_CAN_SleepCallback
 .text.HAL_CAN_WakeUpFromRxMsgCallback
                0x00000000080019b6       0x14 Drivers/STM32F4xx_HAL_Driver/Src/stm32f4xx_hal_can.o
                0x00000000080019b6                HAL_CAN_WakeUpFromRxMsgCallback
 .text.HAL_CAN_ErrorCallback
                0x00000000080019ca       0x14 Drivers/STM32F4xx_HAL_Driver/Src/stm32f4xx_hal_can.o
                0x00000000080019ca                HAL_CAN_ErrorCallback
 *fill*         0x00000000080019de        0x2 
 .text.__NVIC_SetPriorityGrouping
                0x00000000080019e0       0x48 Drivers/STM32F4xx_HAL_Driver/Src/stm32f4xx_hal_cortex.o
 .text.__NVIC_GetPriorityGrouping
                0x0000000008001a28       0x1c Drivers/STM32F4xx_HAL_Driver/Src/stm32f4xx_hal_cortex.o
 .text.__NVIC_EnableIRQ
                0x0000000008001a44       0x3c Drivers/STM32F4xx_HAL_Driver/Src/stm32f4xx_hal_cortex.o
 .text.__NVIC_SetPriority
                0x0000000008001a80       0x54 Drivers/STM32F4xx_HAL_Driver/Src/stm32f4xx_hal_cortex.o
 .text.NVIC_EncodePriority
                0x0000000008001ad4       0x66 Drivers/STM32F4xx_HAL_Driver/Src/stm32f4xx_hal_cortex.o
 *fill*         0x0000000008001b3a        0x2 
 .text.SysTick_Config
                0x0000000008001b3c       0x44 Drivers/STM32F4xx_HAL_Driver/Src/stm32f4xx_hal_cortex.o
 .text.HAL_NVIC_SetPriorityGrouping
                0x0000000008001b80       0x16 Drivers/STM32F4xx_HAL_Driver/Src/stm32f4xx_hal_cortex.o
                0x0000000008001b80                HAL_NVIC_SetPriorityGrouping
 .text.HAL_NVIC_SetPriority
                0x0000000008001b96       0x38 Drivers/STM32F4xx_HAL_Driver/Src/stm32f4xx_hal_cortex.o
                0x0000000008001b96                HAL_NVIC_SetPriority
 .text.HAL_NVIC_EnableIRQ
                0x0000000008001bce       0x1c Drivers/STM32F4xx_HAL_Driver/Src/stm32f4xx_hal_cortex.o
                0x0000000008001bce                HAL_NVIC_EnableIRQ
 .text.HAL_SYSTICK_Config
                0x0000000008001bea       0x18 Drivers/STM32F4xx_HAL_Driver/Src/stm32f4xx_hal_cortex.o
                0x0000000008001bea                HAL_SYSTICK_Config
 *fill*         0x0000000008001c02        0x2 
 .text.HAL_GPIO_Init
                0x0000000008001c04      0x324 Drivers/STM32F4xx_HAL_Driver/Src/stm32f4xx_hal_gpio.o
                0x0000000008001c04                HAL_GPIO_Init
 .text.HAL_GPIO_WritePin
                0x0000000008001f28       0x32 Drivers/STM32F4xx_HAL_Driver/Src/stm32f4xx_hal_gpio.o
                0x0000000008001f28                HAL_GPIO_WritePin
 .text.HAL_GPIO_TogglePin
                0x0000000008001f5a       0x36 Drivers/STM32F4xx_HAL_Driver/Src/stm32f4xx_hal_gpio.o
                0x0000000008001f5a                HAL_GPIO_TogglePin
 .text.HAL_GPIO_EXTI_IRQHandler
                0x0000000008001f90       0x30 Drivers/STM32F4xx_HAL_Driver/Src/stm32f4xx_hal_gpio.o
                0x0000000008001f90                HAL_GPIO_EXTI_IRQHandler
 .text.HAL_GPIO_EXTI_Callback
                0x0000000008001fc0       0x16 Drivers/STM32F4xx_HAL_Driver/Src/stm32f4xx_hal_gpio.o
                0x0000000008001fc0                HAL_GPIO_EXTI_Callback
 *fill*         0x0000000008001fd6        0x2 
 .text.HAL_RCC_ClockConfig
                0x0000000008001fd8      0x1cc Drivers/STM32F4xx_HAL_Driver/Src/stm32f4xx_hal_rcc.o
                0x0000000008001fd8                HAL_RCC_ClockConfig
 .text.HAL_RCC_GetSysClockFreq
                0x00000000080021a4      0x164 Drivers/STM32F4xx_HAL_Driver/Src/stm32f4xx_hal_rcc.o
                0x00000000080021a4                HAL_RCC_GetSysClockFreq
 .text.HAL_RCC_GetHCLKFreq
                0x0000000008002308       0x18 Drivers/STM32F4xx_HAL_Driver/Src/stm32f4xx_hal_rcc.o
                0x0000000008002308                HAL_RCC_GetHCLKFreq
 .text.HAL_RCC_GetPCLK1Freq
                0x0000000008002320       0x28 Drivers/STM32F4xx_HAL_Driver/Src/stm32f4xx_hal_rcc.o
                0x0000000008002320                HAL_RCC_GetPCLK1Freq
 .text.HAL_RCC_GetPCLK2Freq
                0x0000000008002348       0x28 Drivers/STM32F4xx_HAL_Driver/Src/stm32f4xx_hal_rcc.o
                0x0000000008002348                HAL_RCC_GetPCLK2Freq
 .text.HAL_RCCEx_PeriphCLKConfig
                0x0000000008002370      0x518 Drivers/STM32F4xx_HAL_Driver/Src/stm32f4xx_hal_rcc_ex.o
                0x0000000008002370                HAL_RCCEx_PeriphCLKConfig
 .text.HAL_RCC_OscConfig
                0x0000000008002888      0x484 Drivers/STM32F4xx_HAL_Driver/Src/stm32f4xx_hal_rcc_ex.o
                0x0000000008002888                HAL_RCC_OscConfig
 .text.HAL_SD_Init
                0x0000000008002d0c       0x60 Drivers/STM32F4xx_HAL_Driver/Src/stm32f4xx_hal_sd.o
                0x0000000008002d0c                HAL_SD_Init
 .text.HAL_SD_InitCard
                0x0000000008002d6c       0xc0 Drivers/STM32F4xx_HAL_Driver/Src/stm32f4xx_hal_sd.o
                0x0000000008002d6c                HAL_SD_InitCard
 .text.HAL_SD_ReadBlocks
                0x0000000008002e2c      0x3f0 Drivers/STM32F4xx_HAL_Driver/Src/stm32f4xx_hal_sd.o
                0x0000000008002e2c                HAL_SD_ReadBlocks
 .text.HAL_SD_WriteBlocks
                0x000000000800321c      0x340 Drivers/STM32F4xx_HAL_Driver/Src/stm32f4xx_hal_sd.o
                0x000000000800321c                HAL_SD_WriteBlocks
 .text.HAL_SD_GetCardCSD
                0x000000000800355c      0x348 Drivers/STM32F4xx_HAL_Driver/Src/stm32f4xx_hal_sd.o
                0x000000000800355c                HAL_SD_GetCardCSD
 .text.HAL_SD_GetCardInfo
                0x00000000080038a4       0x58 Drivers/STM32F4xx_HAL_Driver/Src/stm32f4xx_hal_sd.o
                0x00000000080038a4                HAL_SD_GetCardInfo
 .text.HAL_SD_GetCardState
                0x00000000080038fc       0x40 Drivers/STM32F4xx_HAL_Driver/Src/stm32f4xx_hal_sd.o
                0x00000000080038fc                HAL_SD_GetCardState
 .text.SD_InitCard
                0x000000000800393c      0x19a Drivers/STM32F4xx_HAL_Driver/Src/stm32f4xx_hal_sd.o
 *fill*         0x0000000008003ad6        0x2 
 .text.SD_PowerON
                0x0000000008003ad8      0x11c Drivers/STM32F4xx_HAL_Driver/Src/stm32f4xx_hal_sd.o
 .text.SD_SendStatus
                0x0000000008003bf4       0x50 Drivers/STM32F4xx_HAL_Driver/Src/stm32f4xx_hal_sd.o
 .text.HAL_SPI_Init
                0x0000000008003c44       0xc8 Drivers/STM32F4xx_HAL_Driver/Src/stm32f4xx_hal_spi.o
                0x0000000008003c44                HAL_SPI_Init
 .text.HAL_UART_Init
                0x0000000008003d0c       0x9a Drivers/STM32F4xx_HAL_Driver/Src/stm32f4xx_hal_uart.o
                0x0000000008003d0c                HAL_UART_Init
 *fill*         0x0000000008003da6        0x2 
 .text.UART_SetConfig
                0x0000000008003da8      0x730 Drivers/STM32F4xx_HAL_Driver/Src/stm32f4xx_hal_uart.o
 .text.SDIO_Init
                0x00000000080044d8       0x56 Drivers/STM32F4xx_HAL_Driver/Src/stm32f4xx_ll_sdmmc.o
                0x00000000080044d8                SDIO_Init
 .text.SDIO_ReadFIFO
                0x000000000800452e       0x1a Drivers/STM32F4xx_HAL_Driver/Src/stm32f4xx_ll_sdmmc.o
                0x000000000800452e                SDIO_ReadFIFO
 .text.SDIO_WriteFIFO
                0x0000000008004548       0x22 Drivers/STM32F4xx_HAL_Driver/Src/stm32f4xx_ll_sdmmc.o
                0x0000000008004548                SDIO_WriteFIFO
 .text.SDIO_PowerState_ON
                0x000000000800456a       0x1e Drivers/STM32F4xx_HAL_Driver/Src/stm32f4xx_ll_sdmmc.o
                0x000000000800456a                SDIO_PowerState_ON
 .text.SDIO_GetPowerState
                0x0000000008004588       0x1c Drivers/STM32F4xx_HAL_Driver/Src/stm32f4xx_ll_sdmmc.o
                0x0000000008004588                SDIO_GetPowerState
 .text.SDIO_SendCommand
                0x00000000080045a4       0x54 Drivers/STM32F4xx_HAL_Driver/Src/stm32f4xx_ll_sdmmc.o
                0x00000000080045a4                SDIO_SendCommand
 .text.SDIO_GetCommandResponse
                0x00000000080045f8       0x1a Drivers/STM32F4xx_HAL_Driver/Src/stm32f4xx_ll_sdmmc.o
                0x00000000080045f8                SDIO_GetCommandResponse
 .text.SDIO_GetResponse
                0x0000000008004612       0x26 Drivers/STM32F4xx_HAL_Driver/Src/stm32f4xx_ll_sdmmc.o
                0x0000000008004612                SDIO_GetResponse
 .text.SDIO_ConfigData
                0x0000000008004638       0x58 Drivers/STM32F4xx_HAL_Driver/Src/stm32f4xx_ll_sdmmc.o
                0x0000000008004638                SDIO_ConfigData
 .text.SDMMC_CmdBlockLength
                0x0000000008004690       0x44 Drivers/STM32F4xx_HAL_Driver/Src/stm32f4xx_ll_sdmmc.o
                0x0000000008004690                SDMMC_CmdBlockLength
 .text.SDMMC_CmdReadSingleBlock
                0x00000000080046d4       0x44 Drivers/STM32F4xx_HAL_Driver/Src/stm32f4xx_ll_sdmmc.o
                0x00000000080046d4                SDMMC_CmdReadSingleBlock
 .text.SDMMC_CmdReadMultiBlock
                0x0000000008004718       0x44 Drivers/STM32F4xx_HAL_Driver/Src/stm32f4xx_ll_sdmmc.o
                0x0000000008004718                SDMMC_CmdReadMultiBlock
 .text.SDMMC_CmdWriteSingleBlock
                0x000000000800475c       0x44 Drivers/STM32F4xx_HAL_Driver/Src/stm32f4xx_ll_sdmmc.o
                0x000000000800475c                SDMMC_CmdWriteSingleBlock
 .text.SDMMC_CmdWriteMultiBlock
                0x00000000080047a0       0x44 Drivers/STM32F4xx_HAL_Driver/Src/stm32f4xx_ll_sdmmc.o
                0x00000000080047a0                SDMMC_CmdWriteMultiBlock
 .text.SDMMC_CmdStopTransfer
                0x00000000080047e4       0x44 Drivers/STM32F4xx_HAL_Driver/Src/stm32f4xx_ll_sdmmc.o
                0x00000000080047e4                SDMMC_CmdStopTransfer
 .text.SDMMC_CmdSelDesel
                0x0000000008004828       0x46 Drivers/STM32F4xx_HAL_Driver/Src/stm32f4xx_ll_sdmmc.o
                0x0000000008004828                SDMMC_CmdSelDesel
 .text.SDMMC_CmdGoIdleState
                0x000000000800486e       0x3c Drivers/STM32F4xx_HAL_Driver/Src/stm32f4xx_ll_sdmmc.o
                0x000000000800486e                SDMMC_CmdGoIdleState
 .text.SDMMC_CmdOperCond
                0x00000000080048aa       0x3e Drivers/STM32F4xx_HAL_Driver/Src/stm32f4xx_ll_sdmmc.o
                0x00000000080048aa                SDMMC_CmdOperCond
 .text.SDMMC_CmdAppCommand
                0x00000000080048e8       0x44 Drivers/STM32F4xx_HAL_Driver/Src/stm32f4xx_ll_sdmmc.o
                0x00000000080048e8                SDMMC_CmdAppCommand
 .text.SDMMC_CmdAppOperCommand
                0x000000000800492c       0x46 Drivers/STM32F4xx_HAL_Driver/Src/stm32f4xx_ll_sdmmc.o
                0x000000000800492c                SDMMC_CmdAppOperCommand
 .text.SDMMC_CmdSendCID
                0x0000000008004972       0x3c Drivers/STM32F4xx_HAL_Driver/Src/stm32f4xx_ll_sdmmc.o
                0x0000000008004972                SDMMC_CmdSendCID
 .text.SDMMC_CmdSendCSD
                0x00000000080049ae       0x3e Drivers/STM32F4xx_HAL_Driver/Src/stm32f4xx_ll_sdmmc.o
                0x00000000080049ae                SDMMC_CmdSendCSD
 .text.SDMMC_CmdSetRelAdd
                0x00000000080049ec       0x42 Drivers/STM32F4xx_HAL_Driver/Src/stm32f4xx_ll_sdmmc.o
                0x00000000080049ec                SDMMC_CmdSetRelAdd
 .text.SDMMC_CmdSendStatus
                0x0000000008004a2e       0x44 Drivers/STM32F4xx_HAL_Driver/Src/stm32f4xx_ll_sdmmc.o
                0x0000000008004a2e                SDMMC_CmdSendStatus
 *fill*         0x0000000008004a72        0x2 
 .text.SDMMC_GetCmdError
                0x0000000008004a74       0x50 Drivers/STM32F4xx_HAL_Driver/Src/stm32f4xx_ll_sdmmc.o
 .text.SDMMC_GetCmdResp1
                0x0000000008004ac4      0x1d8 Drivers/STM32F4xx_HAL_Driver/Src/stm32f4xx_ll_sdmmc.o
 .text.SDMMC_GetCmdResp2
                0x0000000008004c9c       0x8c Drivers/STM32F4xx_HAL_Driver/Src/stm32f4xx_ll_sdmmc.o
 .text.SDMMC_GetCmdResp3
                0x0000000008004d28       0x74 Drivers/STM32F4xx_HAL_Driver/Src/stm32f4xx_ll_sdmmc.o
 .text.SDMMC_GetCmdResp6
                0x0000000008004d9c       0xe8 Drivers/STM32F4xx_HAL_Driver/Src/stm32f4xx_ll_sdmmc.o
 .text.SDMMC_GetCmdResp7
                0x0000000008004e84       0x98 Drivers/STM32F4xx_HAL_Driver/Src/stm32f4xx_ll_sdmmc.o
 .text.MX_FATFS_Init
                0x0000000008004f1c       0x24 FATFS/App/fatfs.o
                0x0000000008004f1c                MX_FATFS_Init
 .text.BSP_SD_Init
                0x0000000008004f40       0x30 FATFS/Target/bsp_driver_sd.o
                0x0000000008004f40                BSP_SD_Init
 .text.BSP_SD_ReadBlocks
                0x0000000008004f70       0x3c FATFS/Target/bsp_driver_sd.o
                0x0000000008004f70                BSP_SD_ReadBlocks
 .text.BSP_SD_WriteBlocks
                0x0000000008004fac       0x3c FATFS/Target/bsp_driver_sd.o
                0x0000000008004fac                BSP_SD_WriteBlocks
 .text.BSP_SD_GetCardState
                0x0000000008004fe8       0x20 FATFS/Target/bsp_driver_sd.o
                0x0000000008004fe8                BSP_SD_GetCardState
 .text.BSP_SD_GetCardInfo
                0x0000000008005008       0x1c FATFS/Target/bsp_driver_sd.o
                0x0000000008005008                BSP_SD_GetCardInfo
 .text.BSP_SD_IsDetected
                0x0000000008005024       0x1a FATFS/Target/bsp_driver_sd.o
                0x0000000008005024                BSP_SD_IsDetected
 *fill*         0x000000000800503e        0x2 
 .text.SD_CheckStatus
                0x0000000008005040       0x3c FATFS/Target/sd_diskio.o
 .text.SD_initialize
                0x000000000800507c       0x3c FATFS/Target/sd_diskio.o
                0x000000000800507c                SD_initialize
 .text.SD_status
                0x00000000080050b8       0x1c FATFS/Target/sd_diskio.o
                0x00000000080050b8                SD_status
 .text.SD_read  0x00000000080050d4       0x42 FATFS/Target/sd_diskio.o
                0x00000000080050d4                SD_read
 .text.SD_write
                0x0000000008005116       0x42 FATFS/Target/sd_diskio.o
                0x0000000008005116                SD_write
 .text.SD_ioctl
                0x0000000008005158       0xb0 FATFS/Target/sd_diskio.o
                0x0000000008005158                SD_ioctl
 .text.CAN_SendMessage
                0x0000000008005208       0x5c HyEnD_OS/connectivity/canTri/canTri.o
                0x0000000008005208                CAN_SendMessage
 .text.CAN3_SendMessage
                0x0000000008005264       0x1c HyEnD_OS/connectivity/canTri/canTri.o
                0x0000000008005264                CAN3_SendMessage
 .text.CAN_ReceiveMessage
                0x0000000008005280       0x80 HyEnD_OS/connectivity/canTri/canTri.o
                0x0000000008005280                CAN_ReceiveMessage
 .text.CAN_ReceiveForwardMessage
                0x0000000008005300       0x46 HyEnD_OS/connectivity/canTri/canTri.o
                0x0000000008005300                CAN_ReceiveForwardMessage
 *fill*         0x0000000008005346        0x2 
 .text.CAN3_ReceiveMessage
                0x0000000008005348       0x1c HyEnD_OS/connectivity/canTri/canTri.o
                0x0000000008005348                CAN3_ReceiveMessage
 .text.xputc    0x0000000008005364       0x50 HyEnD_OS/drivers/utils/xprintf/xprintf.o
                0x0000000008005364                xputc
 .text.xputs    0x00000000080053b4       0x28 HyEnD_OS/drivers/utils/xprintf/xprintf.o
                0x00000000080053b4                xputs
 .text.xvprintf
                0x00000000080053dc      0x374 HyEnD_OS/drivers/utils/xprintf/xprintf.o
 .text.xprintf  0x0000000008005750       0x24 HyEnD_OS/drivers/utils/xprintf/xprintf.o
                0x0000000008005750                xprintf
 .text.FATFS_LinkDriverEx
                0x0000000008005774       0x98 Middlewares/Third_Party/FatFs/src/ff_gen_drv.o
                0x0000000008005774                FATFS_LinkDriverEx
 .text.FATFS_LinkDriver
                0x000000000800580c       0x1e Middlewares/Third_Party/FatFs/src/ff_gen_drv.o
                0x000000000800580c                FATFS_LinkDriver
 *fill*         0x000000000800582a        0x2 
 .text.__libc_init_array
                0x000000000800582c       0x48 c:/st/stm32cubeide_1.5.0/stm32cubeide/plugins/com.st.stm32cube.ide.mcu.externaltools.gnu-tools-for-stm32.7-2018-q2-update.win32_1.5.0.202011040924/tools/bin/../lib/gcc/arm-none-eabi/7.3.1/../../../../arm-none-eabi/lib/thumb/v7e-m/fpv4-sp/hard\libc_nano.a(lib_a-init.o)
                0x000000000800582c                __libc_init_array
 .text.memset   0x0000000008005874       0x10 c:/st/stm32cubeide_1.5.0/stm32cubeide/plugins/com.st.stm32cube.ide.mcu.externaltools.gnu-tools-for-stm32.7-2018-q2-update.win32_1.5.0.202011040924/tools/bin/../lib/gcc/arm-none-eabi/7.3.1/../../../../arm-none-eabi/lib/thumb/v7e-m/fpv4-sp/hard\libc_nano.a(lib_a-memset.o)
                0x0000000008005874                memset
 *(.glue_7)
 .glue_7        0x0000000008005884        0x0 linker stubs
 *(.glue_7t)
 .glue_7t       0x0000000008005884        0x0 linker stubs
 *(.eh_frame)
 .eh_frame      0x0000000008005884        0x0 c:/st/stm32cubeide_1.5.0/stm32cubeide/plugins/com.st.stm32cube.ide.mcu.externaltools.gnu-tools-for-stm32.7-2018-q2-update.win32_1.5.0.202011040924/tools/bin/../lib/gcc/arm-none-eabi/7.3.1/thumb/v7e-m/fpv4-sp/hard/crtbegin.o
 *(.init)
 .init          0x0000000008005884        0x4 c:/st/stm32cubeide_1.5.0/stm32cubeide/plugins/com.st.stm32cube.ide.mcu.externaltools.gnu-tools-for-stm32.7-2018-q2-update.win32_1.5.0.202011040924/tools/bin/../lib/gcc/arm-none-eabi/7.3.1/thumb/v7e-m/fpv4-sp/hard/crti.o
                0x0000000008005884                _init
 .init          0x0000000008005888        0x8 c:/st/stm32cubeide_1.5.0/stm32cubeide/plugins/com.st.stm32cube.ide.mcu.externaltools.gnu-tools-for-stm32.7-2018-q2-update.win32_1.5.0.202011040924/tools/bin/../lib/gcc/arm-none-eabi/7.3.1/thumb/v7e-m/fpv4-sp/hard/crtn.o
 *(.fini)
 .fini          0x0000000008005890        0x4 c:/st/stm32cubeide_1.5.0/stm32cubeide/plugins/com.st.stm32cube.ide.mcu.externaltools.gnu-tools-for-stm32.7-2018-q2-update.win32_1.5.0.202011040924/tools/bin/../lib/gcc/arm-none-eabi/7.3.1/thumb/v7e-m/fpv4-sp/hard/crti.o
                0x0000000008005890                _fini
 .fini          0x0000000008005894        0x8 c:/st/stm32cubeide_1.5.0/stm32cubeide/plugins/com.st.stm32cube.ide.mcu.externaltools.gnu-tools-for-stm32.7-2018-q2-update.win32_1.5.0.202011040924/tools/bin/../lib/gcc/arm-none-eabi/7.3.1/thumb/v7e-m/fpv4-sp/hard/crtn.o
                0x000000000800589c                . = ALIGN (0x4)
                0x000000000800589c                _etext = .

.vfp11_veneer   0x000000000800589c        0x0
 .vfp11_veneer  0x000000000800589c        0x0 linker stubs

.v4_bx          0x000000000800589c        0x0
 .v4_bx         0x000000000800589c        0x0 linker stubs

.iplt           0x000000000800589c        0x0
 .iplt          0x000000000800589c        0x0 c:/st/stm32cubeide_1.5.0/stm32cubeide/plugins/com.st.stm32cube.ide.mcu.externaltools.gnu-tools-for-stm32.7-2018-q2-update.win32_1.5.0.202011040924/tools/bin/../lib/gcc/arm-none-eabi/7.3.1/thumb/v7e-m/fpv4-sp/hard/crtbegin.o

.rodata         0x000000000800589c      0x18c
                0x000000000800589c                . = ALIGN (0x4)
 *(.rodata)
 .rodata        0x000000000800589c       0x4e Core/Src/stm32f4xx_it.o
 *fill*         0x00000000080058ea        0x2 
 .rodata        0x00000000080058ec      0x10d HyEnD_OS/connectivity/canTri/canTri.o
 *(.rodata*)
 *fill*         0x00000000080059f9        0x3 
 .rodata.AHBPrescTable
                0x00000000080059fc       0x10 Core/Src/system_stm32f4xx.o
                0x00000000080059fc                AHBPrescTable
 .rodata.APBPrescTable
                0x0000000008005a0c        0x8 Core/Src/system_stm32f4xx.o
                0x0000000008005a0c                APBPrescTable
 .rodata.SD_Driver
                0x0000000008005a14       0x14 FATFS/Target/sd_diskio.o
                0x0000000008005a14                SD_Driver
                0x0000000008005a28                . = ALIGN (0x4)

.ARM.extab      0x0000000008005a28        0x0
                0x0000000008005a28                . = ALIGN (0x4)
 *(.ARM.extab* .gnu.linkonce.armextab.*)
                0x0000000008005a28                . = ALIGN (0x4)

.ARM            0x0000000008005a28        0x8
                0x0000000008005a28                . = ALIGN (0x4)
                0x0000000008005a28                __exidx_start = .
 *(.ARM.exidx*)
 .ARM.exidx     0x0000000008005a28        0x8 c:/st/stm32cubeide_1.5.0/stm32cubeide/plugins/com.st.stm32cube.ide.mcu.externaltools.gnu-tools-for-stm32.7-2018-q2-update.win32_1.5.0.202011040924/tools/bin/../lib/gcc/arm-none-eabi/7.3.1/thumb/v7e-m/fpv4-sp/hard\libgcc.a(_udivmoddi4.o)
                0x0000000008005a30                __exidx_end = .
                0x0000000008005a30                . = ALIGN (0x4)

.rel.dyn        0x0000000008005a30        0x0
 .rel.iplt      0x0000000008005a30        0x0 c:/st/stm32cubeide_1.5.0/stm32cubeide/plugins/com.st.stm32cube.ide.mcu.externaltools.gnu-tools-for-stm32.7-2018-q2-update.win32_1.5.0.202011040924/tools/bin/../lib/gcc/arm-none-eabi/7.3.1/thumb/v7e-m/fpv4-sp/hard/crtbegin.o

.preinit_array  0x0000000008005a30        0x0
                0x0000000008005a30                . = ALIGN (0x4)
                0x0000000008005a30                PROVIDE (__preinit_array_start = .)
 *(.preinit_array*)
                0x0000000008005a30                PROVIDE (__preinit_array_end = .)
                0x0000000008005a30                . = ALIGN (0x4)

.init_array     0x0000000008005a30        0x4
                0x0000000008005a30                . = ALIGN (0x4)
                0x0000000008005a30                PROVIDE (__init_array_start = .)
 *(SORT_BY_NAME(.init_array.*))
 *(.init_array*)
 .init_array    0x0000000008005a30        0x4 c:/st/stm32cubeide_1.5.0/stm32cubeide/plugins/com.st.stm32cube.ide.mcu.externaltools.gnu-tools-for-stm32.7-2018-q2-update.win32_1.5.0.202011040924/tools/bin/../lib/gcc/arm-none-eabi/7.3.1/thumb/v7e-m/fpv4-sp/hard/crtbegin.o
                0x0000000008005a34                PROVIDE (__init_array_end = .)
                0x0000000008005a34                . = ALIGN (0x4)

.fini_array     0x0000000008005a34        0x4
                0x0000000008005a34                . = ALIGN (0x4)
                [!provide]                        PROVIDE (__fini_array_start = .)
 *(SORT_BY_NAME(.fini_array.*))
 *(.fini_array*)
 .fini_array    0x0000000008005a34        0x4 c:/st/stm32cubeide_1.5.0/stm32cubeide/plugins/com.st.stm32cube.ide.mcu.externaltools.gnu-tools-for-stm32.7-2018-q2-update.win32_1.5.0.202011040924/tools/bin/../lib/gcc/arm-none-eabi/7.3.1/thumb/v7e-m/fpv4-sp/hard/crtbegin.o
                [!provide]                        PROVIDE (__fini_array_end = .)
                0x0000000008005a38                . = ALIGN (0x4)
                0x0000000008005a38                _sidata = LOADADDR (.data)

.data           0x0000000020000000        0xc load address 0x0000000008005a38
                0x0000000020000000                . = ALIGN (0x4)
                0x0000000020000000                _sdata = .
 *(.data)
 *(.data*)
 .data.SystemCoreClock
                0x0000000020000000        0x4 Core/Src/system_stm32f4xx.o
                0x0000000020000000                SystemCoreClock
 .data.uwTickPrio
                0x0000000020000004        0x4 Drivers/STM32F4xx_HAL_Driver/Src/stm32f4xx_hal.o
                0x0000000020000004                uwTickPrio
 .data.uwTickFreq
                0x0000000020000008        0x1 Drivers/STM32F4xx_HAL_Driver/Src/stm32f4xx_hal.o
                0x0000000020000008                uwTickFreq
 .data.Stat     0x0000000020000009        0x1 FATFS/Target/sd_diskio.o
 *(.RamFunc)
 *(.RamFunc*)
                0x000000002000000c                . = ALIGN (0x4)
 *fill*         0x000000002000000a        0x2 
                0x000000002000000c                _edata = .

.igot.plt       0x000000002000000c        0x0 load address 0x0000000008005a44
 .igot.plt      0x000000002000000c        0x0 c:/st/stm32cubeide_1.5.0/stm32cubeide/plugins/com.st.stm32cube.ide.mcu.externaltools.gnu-tools-for-stm32.7-2018-q2-update.win32_1.5.0.202011040924/tools/bin/../lib/gcc/arm-none-eabi/7.3.1/thumb/v7e-m/fpv4-sp/hard/crtbegin.o
                0x000000002000000c                . = ALIGN (0x4)

.bss            0x000000002000000c      0x9a0 load address 0x0000000008005a44
                0x000000002000000c                _sbss = .
                0x000000002000000c                __bss_start__ = _sbss
 *(.bss)
 .bss           0x000000002000000c       0x1c c:/st/stm32cubeide_1.5.0/stm32cubeide/plugins/com.st.stm32cube.ide.mcu.externaltools.gnu-tools-for-stm32.7-2018-q2-update.win32_1.5.0.202011040924/tools/bin/../lib/gcc/arm-none-eabi/7.3.1/thumb/v7e-m/fpv4-sp/hard/crtbegin.o
 *(.bss*)
 .bss.outptr    0x0000000020000028        0x4 HyEnD_OS/drivers/utils/xprintf/xprintf.o
 .bss.disk      0x000000002000002c        0xc Middlewares/Third_Party/FatFs/src/ff_gen_drv.o
                0x000000002000002c                disk
 *(COMMON)
 COMMON         0x0000000020000038       0x28 Core/Src/can.o
                0x0000000020000038                hcan3
 COMMON         0x0000000020000060      0x360 Core/Src/main.o
                0x0000000020000060                bus2
                0x00000000200000dc                bus1
                0x0000000020000158                microcontroller
                0x0000000020000344                bus3
 COMMON         0x00000000200003c0       0x84 Core/Src/sdio.o
                0x00000000200003c0                hsd
 COMMON         0x0000000020000444       0xb0 Core/Src/spi.o
                0x0000000020000444                hspi2
                0x000000002000049c                hspi1
 COMMON         0x00000000200004f4       0x40 Core/Src/usart.o
                0x00000000200004f4                huart2
 COMMON         0x0000000020000534        0x4 Drivers/STM32F4xx_HAL_Driver/Src/stm32f4xx_hal.o
                0x0000000020000534                uwTick
 COMMON         0x0000000020000538      0x468 FATFS/App/fatfs.o
                0x0000000020000538                retSD
                0x000000002000053c                SDPath
                0x0000000020000540                SDFile
                0x0000000020000770                SDFatFS
 COMMON         0x00000000200009a0        0xc HyEnD_OS/drivers/utils/xprintf/xprintf.o
                0x00000000200009a0                xfunc_in
                0x00000000200009a4                xfunc_out
                0x00000000200009a8                huartP
                0x00000000200009ac                . = ALIGN (0x4)
                0x00000000200009ac                _ebss = .
                0x00000000200009ac                __bss_end__ = _ebss

._user_heap_stack
                0x00000000200009ac      0x604 load address 0x0000000008005a44
                0x00000000200009b0                . = ALIGN (0x8)
 *fill*         0x00000000200009ac        0x4 
                [!provide]                        PROVIDE (end = .)
                0x00000000200009b0                PROVIDE (_end = .)
                0x0000000020000bb0                . = (. + _Min_Heap_Size)
 *fill*         0x00000000200009b0      0x200 
                0x0000000020000fb0                . = (. + _Min_Stack_Size)
 *fill*         0x0000000020000bb0      0x400 
                0x0000000020000fb0                . = ALIGN (0x8)

/DISCARD/
 libc.a(*)
 libm.a(*)
 libgcc.a(*)

.ARM.attributes
                0x0000000000000000       0x30
 *(.ARM.attributes)
 .ARM.attributes
                0x0000000000000000       0x22 c:/st/stm32cubeide_1.5.0/stm32cubeide/plugins/com.st.stm32cube.ide.mcu.externaltools.gnu-tools-for-stm32.7-2018-q2-update.win32_1.5.0.202011040924/tools/bin/../lib/gcc/arm-none-eabi/7.3.1/thumb/v7e-m/fpv4-sp/hard/crti.o
 .ARM.attributes
                0x0000000000000022       0x34 c:/st/stm32cubeide_1.5.0/stm32cubeide/plugins/com.st.stm32cube.ide.mcu.externaltools.gnu-tools-for-stm32.7-2018-q2-update.win32_1.5.0.202011040924/tools/bin/../lib/gcc/arm-none-eabi/7.3.1/thumb/v7e-m/fpv4-sp/hard/crtbegin.o
 .ARM.attributes
                0x0000000000000056       0x39 Core/Src/can.o
 .ARM.attributes
                0x000000000000008f       0x39 Core/Src/gpio.o
 .ARM.attributes
                0x00000000000000c8       0x39 Core/Src/main.o
 .ARM.attributes
                0x0000000000000101       0x39 Core/Src/sdio.o
 .ARM.attributes
                0x000000000000013a       0x39 Core/Src/spi.o
 .ARM.attributes
                0x0000000000000173       0x39 Core/Src/stm32f4xx_hal_msp.o
 .ARM.attributes
                0x00000000000001ac       0x39 Core/Src/stm32f4xx_it.o
 .ARM.attributes
                0x00000000000001e5       0x39 Core/Src/system_stm32f4xx.o
 .ARM.attributes
                0x000000000000021e       0x39 Core/Src/usart.o
 .ARM.attributes
                0x0000000000000257       0x21 Core/Startup/startup_stm32f423rhtx.o
 .ARM.attributes
                0x0000000000000278       0x39 Drivers/STM32F4xx_HAL_Driver/Src/stm32f4xx_hal.o
 .ARM.attributes
                0x00000000000002b1       0x39 Drivers/STM32F4xx_HAL_Driver/Src/stm32f4xx_hal_can.o
 .ARM.attributes
                0x00000000000002ea       0x39 Drivers/STM32F4xx_HAL_Driver/Src/stm32f4xx_hal_cortex.o
 .ARM.attributes
                0x0000000000000323       0x39 Drivers/STM32F4xx_HAL_Driver/Src/stm32f4xx_hal_gpio.o
 .ARM.attributes
                0x000000000000035c       0x39 Drivers/STM32F4xx_HAL_Driver/Src/stm32f4xx_hal_rcc.o
 .ARM.attributes
                0x0000000000000395       0x39 Drivers/STM32F4xx_HAL_Driver/Src/stm32f4xx_hal_rcc_ex.o
 .ARM.attributes
                0x00000000000003ce       0x39 Drivers/STM32F4xx_HAL_Driver/Src/stm32f4xx_hal_sd.o
 .ARM.attributes
                0x0000000000000407       0x39 Drivers/STM32F4xx_HAL_Driver/Src/stm32f4xx_hal_spi.o
 .ARM.attributes
                0x0000000000000440       0x39 Drivers/STM32F4xx_HAL_Driver/Src/stm32f4xx_hal_uart.o
 .ARM.attributes
                0x0000000000000479       0x39 Drivers/STM32F4xx_HAL_Driver/Src/stm32f4xx_ll_sdmmc.o
 .ARM.attributes
                0x00000000000004b2       0x39 FATFS/App/fatfs.o
 .ARM.attributes
                0x00000000000004eb       0x39 FATFS/Target/bsp_driver_sd.o
 .ARM.attributes
                0x0000000000000524       0x39 FATFS/Target/sd_diskio.o
 .ARM.attributes
                0x000000000000055d       0x39 HyEnD_OS/connectivity/canTri/canTri.o
 .ARM.attributes
                0x0000000000000596       0x39 HyEnD_OS/drivers/utils/xprintf/xprintf.o
 .ARM.attributes
                0x00000000000005cf       0x39 Middlewares/Third_Party/FatFs/src/ff_gen_drv.o
 .ARM.attributes
                0x0000000000000608       0x34 c:/st/stm32cubeide_1.5.0/stm32cubeide/plugins/com.st.stm32cube.ide.mcu.externaltools.gnu-tools-for-stm32.7-2018-q2-update.win32_1.5.0.202011040924/tools/bin/../lib/gcc/arm-none-eabi/7.3.1/../../../../arm-none-eabi/lib/thumb/v7e-m/fpv4-sp/hard\libc_nano.a(lib_a-init.o)
 .ARM.attributes
                0x000000000000063c       0x34 c:/st/stm32cubeide_1.5.0/stm32cubeide/plugins/com.st.stm32cube.ide.mcu.externaltools.gnu-tools-for-stm32.7-2018-q2-update.win32_1.5.0.202011040924/tools/bin/../lib/gcc/arm-none-eabi/7.3.1/../../../../arm-none-eabi/lib/thumb/v7e-m/fpv4-sp/hard\libc_nano.a(lib_a-memset.o)
 .ARM.attributes
                0x0000000000000670       0x22 c:/st/stm32cubeide_1.5.0/stm32cubeide/plugins/com.st.stm32cube.ide.mcu.externaltools.gnu-tools-for-stm32.7-2018-q2-update.win32_1.5.0.202011040924/tools/bin/../lib/gcc/arm-none-eabi/7.3.1/thumb/v7e-m/fpv4-sp/hard\libgcc.a(_aeabi_uldivmod.o)
 .ARM.attributes
                0x0000000000000692       0x34 c:/st/stm32cubeide_1.5.0/stm32cubeide/plugins/com.st.stm32cube.ide.mcu.externaltools.gnu-tools-for-stm32.7-2018-q2-update.win32_1.5.0.202011040924/tools/bin/../lib/gcc/arm-none-eabi/7.3.1/thumb/v7e-m/fpv4-sp/hard\libgcc.a(_udivmoddi4.o)
 .ARM.attributes
                0x00000000000006c6       0x22 c:/st/stm32cubeide_1.5.0/stm32cubeide/plugins/com.st.stm32cube.ide.mcu.externaltools.gnu-tools-for-stm32.7-2018-q2-update.win32_1.5.0.202011040924/tools/bin/../lib/gcc/arm-none-eabi/7.3.1/thumb/v7e-m/fpv4-sp/hard\libgcc.a(_dvmd_tls.o)
 .ARM.attributes
                0x00000000000006e8       0x22 c:/st/stm32cubeide_1.5.0/stm32cubeide/plugins/com.st.stm32cube.ide.mcu.externaltools.gnu-tools-for-stm32.7-2018-q2-update.win32_1.5.0.202011040924/tools/bin/../lib/gcc/arm-none-eabi/7.3.1/thumb/v7e-m/fpv4-sp/hard/crtn.o
OUTPUT(RSMS_F423.elf elf32-littlearm)

.debug_info     0x0000000000000000    0x15e7f
 .debug_info    0x0000000000000000      0xb51 Core/Src/can.o
 .debug_info    0x0000000000000b51      0x774 Core/Src/gpio.o
 .debug_info    0x00000000000012c5     0x2578 Core/Src/main.o
 .debug_info    0x000000000000383d      0xaaf Core/Src/sdio.o
 .debug_info    0x00000000000042ec      0xa4c Core/Src/spi.o
 .debug_info    0x0000000000004d38      0x396 Core/Src/stm32f4xx_hal_msp.o
 .debug_info    0x00000000000050ce     0x1b21 Core/Src/stm32f4xx_it.o
 .debug_info    0x0000000000006bef      0x588 Core/Src/system_stm32f4xx.o
 .debug_info    0x0000000000007177      0x97e Core/Src/usart.o
 .debug_info    0x0000000000007af5       0x22 Core/Startup/startup_stm32f423rhtx.o
 .debug_info    0x0000000000007b17      0x9cd Drivers/STM32F4xx_HAL_Driver/Src/stm32f4xx_hal.o
 .debug_info    0x00000000000084e4      0xfb0 Drivers/STM32F4xx_HAL_Driver/Src/stm32f4xx_hal_can.o
 .debug_info    0x0000000000009494      0xe7c Drivers/STM32F4xx_HAL_Driver/Src/stm32f4xx_hal_cortex.o
 .debug_info    0x000000000000a310      0x81d Drivers/STM32F4xx_HAL_Driver/Src/stm32f4xx_hal_gpio.o
 .debug_info    0x000000000000ab2d      0x944 Drivers/STM32F4xx_HAL_Driver/Src/stm32f4xx_hal_rcc.o
 .debug_info    0x000000000000b471      0x873 Drivers/STM32F4xx_HAL_Driver/Src/stm32f4xx_hal_rcc_ex.o
 .debug_info    0x000000000000bce4     0x18b9 Drivers/STM32F4xx_HAL_Driver/Src/stm32f4xx_hal_sd.o
 .debug_info    0x000000000000d59d     0x163a Drivers/STM32F4xx_HAL_Driver/Src/stm32f4xx_hal_spi.o
 .debug_info    0x000000000000ebd7     0x124c Drivers/STM32F4xx_HAL_Driver/Src/stm32f4xx_hal_uart.o
 .debug_info    0x000000000000fe23     0x10ee Drivers/STM32F4xx_HAL_Driver/Src/stm32f4xx_ll_sdmmc.o
 .debug_info    0x0000000000010f11      0xd86 FATFS/App/fatfs.o
 .debug_info    0x0000000000011c97      0xa44 FATFS/Target/bsp_driver_sd.o
 .debug_info    0x00000000000126db      0xd14 FATFS/Target/sd_diskio.o
 .debug_info    0x00000000000133ef     0x12df HyEnD_OS/connectivity/canTri/canTri.o
 .debug_info    0x00000000000146ce      0xb3d HyEnD_OS/drivers/utils/xprintf/xprintf.o
 .debug_info    0x000000000001520b      0xc74 Middlewares/Third_Party/FatFs/src/ff_gen_drv.o

.debug_abbrev   0x0000000000000000     0x31ad
 .debug_abbrev  0x0000000000000000      0x1b6 Core/Src/can.o
 .debug_abbrev  0x00000000000001b6      0x13d Core/Src/gpio.o
 .debug_abbrev  0x00000000000002f3      0x2b9 Core/Src/main.o
 .debug_abbrev  0x00000000000005ac      0x1aa Core/Src/sdio.o
 .debug_abbrev  0x0000000000000756      0x199 Core/Src/spi.o
 .debug_abbrev  0x00000000000008ef      0x109 Core/Src/stm32f4xx_hal_msp.o
 .debug_abbrev  0x00000000000009f8      0x270 Core/Src/stm32f4xx_it.o
 .debug_abbrev  0x0000000000000c68      0x12b Core/Src/system_stm32f4xx.o
 .debug_abbrev  0x0000000000000d93      0x199 Core/Src/usart.o
 .debug_abbrev  0x0000000000000f2c       0x12 Core/Startup/startup_stm32f423rhtx.o
 .debug_abbrev  0x0000000000000f3e      0x1c7 Drivers/STM32F4xx_HAL_Driver/Src/stm32f4xx_hal.o
 .debug_abbrev  0x0000000000001105      0x21d Drivers/STM32F4xx_HAL_Driver/Src/stm32f4xx_hal_can.o
 .debug_abbrev  0x0000000000001322      0x2fa Drivers/STM32F4xx_HAL_Driver/Src/stm32f4xx_hal_cortex.o
 .debug_abbrev  0x000000000000161c      0x1c9 Drivers/STM32F4xx_HAL_Driver/Src/stm32f4xx_hal_gpio.o
 .debug_abbrev  0x00000000000017e5      0x245 Drivers/STM32F4xx_HAL_Driver/Src/stm32f4xx_hal_rcc.o
 .debug_abbrev  0x0000000000001a2a      0x19e Drivers/STM32F4xx_HAL_Driver/Src/stm32f4xx_hal_rcc_ex.o
 .debug_abbrev  0x0000000000001bc8      0x23d Drivers/STM32F4xx_HAL_Driver/Src/stm32f4xx_hal_sd.o
 .debug_abbrev  0x0000000000001e05      0x240 Drivers/STM32F4xx_HAL_Driver/Src/stm32f4xx_hal_spi.o
 .debug_abbrev  0x0000000000002045      0x242 Drivers/STM32F4xx_HAL_Driver/Src/stm32f4xx_hal_uart.o
 .debug_abbrev  0x0000000000002287      0x1c4 Drivers/STM32F4xx_HAL_Driver/Src/stm32f4xx_ll_sdmmc.o
 .debug_abbrev  0x000000000000244b      0x1df FATFS/App/fatfs.o
 .debug_abbrev  0x000000000000262a      0x245 FATFS/Target/bsp_driver_sd.o
 .debug_abbrev  0x000000000000286f      0x1fa FATFS/Target/sd_diskio.o
 .debug_abbrev  0x0000000000002a69      0x28b HyEnD_OS/connectivity/canTri/canTri.o
 .debug_abbrev  0x0000000000002cf4      0x283 HyEnD_OS/drivers/utils/xprintf/xprintf.o
 .debug_abbrev  0x0000000000002f77      0x236 Middlewares/Third_Party/FatFs/src/ff_gen_drv.o

.debug_aranges  0x0000000000000000      0xf78
 .debug_aranges
                0x0000000000000000       0x30 Core/Src/can.o
 .debug_aranges
                0x0000000000000030       0x20 Core/Src/gpio.o
 .debug_aranges
                0x0000000000000050       0x30 Core/Src/main.o
 .debug_aranges
                0x0000000000000080       0x30 Core/Src/sdio.o
 .debug_aranges
                0x00000000000000b0       0x38 Core/Src/spi.o
 .debug_aranges
                0x00000000000000e8       0x20 Core/Src/stm32f4xx_hal_msp.o
 .debug_aranges
                0x0000000000000108       0x70 Core/Src/stm32f4xx_it.o
 .debug_aranges
                0x0000000000000178       0x28 Core/Src/system_stm32f4xx.o
 .debug_aranges
                0x00000000000001a0       0x30 Core/Src/usart.o
 .debug_aranges
                0x00000000000001d0       0x28 Core/Startup/startup_stm32f423rhtx.o
 .debug_aranges
                0x00000000000001f8       0xf0 Drivers/STM32F4xx_HAL_Driver/Src/stm32f4xx_hal.o
 .debug_aranges
                0x00000000000002e8      0x138 Drivers/STM32F4xx_HAL_Driver/Src/stm32f4xx_hal_can.o
 .debug_aranges
                0x0000000000000420      0x118 Drivers/STM32F4xx_HAL_Driver/Src/stm32f4xx_hal_cortex.o
 .debug_aranges
                0x0000000000000538       0x58 Drivers/STM32F4xx_HAL_Driver/Src/stm32f4xx_hal_gpio.o
 .debug_aranges
                0x0000000000000590       0x88 Drivers/STM32F4xx_HAL_Driver/Src/stm32f4xx_hal_rcc.o
 .debug_aranges
                0x0000000000000618       0x60 Drivers/STM32F4xx_HAL_Driver/Src/stm32f4xx_hal_rcc_ex.o
 .debug_aranges
                0x0000000000000678      0x168 Drivers/STM32F4xx_HAL_Driver/Src/stm32f4xx_hal_sd.o
 .debug_aranges
                0x00000000000007e0      0x1d0 Drivers/STM32F4xx_HAL_Driver/Src/stm32f4xx_hal_spi.o
 .debug_aranges
                0x00000000000009b0      0x1d0 Drivers/STM32F4xx_HAL_Driver/Src/stm32f4xx_hal_uart.o
 .debug_aranges
                0x0000000000000b80      0x178 Drivers/STM32F4xx_HAL_Driver/Src/stm32f4xx_ll_sdmmc.o
 .debug_aranges
                0x0000000000000cf8       0x28 FATFS/App/fatfs.o
 .debug_aranges
                0x0000000000000d20       0xa0 FATFS/Target/bsp_driver_sd.o
 .debug_aranges
                0x0000000000000dc0       0x48 FATFS/Target/sd_diskio.o
 .debug_aranges
                0x0000000000000e08       0xa0 HyEnD_OS/connectivity/canTri/canTri.o
 .debug_aranges
                0x0000000000000ea8       0x90 HyEnD_OS/drivers/utils/xprintf/xprintf.o
 .debug_aranges
                0x0000000000000f38       0x40 Middlewares/Third_Party/FatFs/src/ff_gen_drv.o

.debug_ranges   0x0000000000000000      0xde0
 .debug_ranges  0x0000000000000000       0x20 Core/Src/can.o
 .debug_ranges  0x0000000000000020       0x10 Core/Src/gpio.o
 .debug_ranges  0x0000000000000030       0x20 Core/Src/main.o
 .debug_ranges  0x0000000000000050       0x20 Core/Src/sdio.o
 .debug_ranges  0x0000000000000070       0x28 Core/Src/spi.o
 .debug_ranges  0x0000000000000098       0x10 Core/Src/stm32f4xx_hal_msp.o
 .debug_ranges  0x00000000000000a8       0x60 Core/Src/stm32f4xx_it.o
 .debug_ranges  0x0000000000000108       0x18 Core/Src/system_stm32f4xx.o
 .debug_ranges  0x0000000000000120       0x20 Core/Src/usart.o
 .debug_ranges  0x0000000000000140       0x20 Core/Startup/startup_stm32f423rhtx.o
 .debug_ranges  0x0000000000000160       0xe0 Drivers/STM32F4xx_HAL_Driver/Src/stm32f4xx_hal.o
 .debug_ranges  0x0000000000000240      0x128 Drivers/STM32F4xx_HAL_Driver/Src/stm32f4xx_hal_can.o
 .debug_ranges  0x0000000000000368      0x108 Drivers/STM32F4xx_HAL_Driver/Src/stm32f4xx_hal_cortex.o
 .debug_ranges  0x0000000000000470       0x48 Drivers/STM32F4xx_HAL_Driver/Src/stm32f4xx_hal_gpio.o
 .debug_ranges  0x00000000000004b8       0x78 Drivers/STM32F4xx_HAL_Driver/Src/stm32f4xx_hal_rcc.o
 .debug_ranges  0x0000000000000530       0x50 Drivers/STM32F4xx_HAL_Driver/Src/stm32f4xx_hal_rcc_ex.o
 .debug_ranges  0x0000000000000580      0x158 Drivers/STM32F4xx_HAL_Driver/Src/stm32f4xx_hal_sd.o
 .debug_ranges  0x00000000000006d8      0x1c0 Drivers/STM32F4xx_HAL_Driver/Src/stm32f4xx_hal_spi.o
 .debug_ranges  0x0000000000000898      0x1c0 Drivers/STM32F4xx_HAL_Driver/Src/stm32f4xx_hal_uart.o
 .debug_ranges  0x0000000000000a58      0x168 Drivers/STM32F4xx_HAL_Driver/Src/stm32f4xx_ll_sdmmc.o
 .debug_ranges  0x0000000000000bc0       0x18 FATFS/App/fatfs.o
 .debug_ranges  0x0000000000000bd8       0x90 FATFS/Target/bsp_driver_sd.o
 .debug_ranges  0x0000000000000c68       0x38 FATFS/Target/sd_diskio.o
 .debug_ranges  0x0000000000000ca0       0x90 HyEnD_OS/connectivity/canTri/canTri.o
 .debug_ranges  0x0000000000000d30       0x80 HyEnD_OS/drivers/utils/xprintf/xprintf.o
 .debug_ranges  0x0000000000000db0       0x30 Middlewares/Third_Party/FatFs/src/ff_gen_drv.o

.debug_macro    0x0000000000000000    0x2445d
 .debug_macro   0x0000000000000000      0x200 Core/Src/can.o
 .debug_macro   0x0000000000000200      0xa5a Core/Src/can.o
 .debug_macro   0x0000000000000c5a      0x2a0 Core/Src/can.o
 .debug_macro   0x0000000000000efa       0x2e Core/Src/can.o
 .debug_macro   0x0000000000000f28       0x28 Core/Src/can.o
 .debug_macro   0x0000000000000f50       0x22 Core/Src/can.o
 .debug_macro   0x0000000000000f72       0x8e Core/Src/can.o
 .debug_macro   0x0000000000001000       0x51 Core/Src/can.o
 .debug_macro   0x0000000000001051       0xef Core/Src/can.o
 .debug_macro   0x0000000000001140       0x6a Core/Src/can.o
 .debug_macro   0x00000000000011aa      0x1df Core/Src/can.o
 .debug_macro   0x0000000000001389       0x1c Core/Src/can.o
 .debug_macro   0x00000000000013a5       0x22 Core/Src/can.o
 .debug_macro   0x00000000000013c7       0xdf Core/Src/can.o
 .debug_macro   0x00000000000014a6     0x102d Core/Src/can.o
 .debug_macro   0x00000000000024d3      0x11f Core/Src/can.o
 .debug_macro   0x00000000000025f2    0x15c0c Core/Src/can.o
 .debug_macro   0x00000000000181fe       0x43 Core/Src/can.o
 .debug_macro   0x0000000000018241     0x3659 Core/Src/can.o
 .debug_macro   0x000000000001b89a      0x174 Core/Src/can.o
 .debug_macro   0x000000000001ba0e       0x5a Core/Src/can.o
 .debug_macro   0x000000000001ba68      0xd15 Core/Src/can.o
 .debug_macro   0x000000000001c77d      0x9fe Core/Src/can.o
 .debug_macro   0x000000000001d17b      0x117 Core/Src/can.o
 .debug_macro   0x000000000001d292      0x202 Core/Src/can.o
 .debug_macro   0x000000000001d494       0x27 Core/Src/can.o
 .debug_macro   0x000000000001d4bb      0x173 Core/Src/can.o
 .debug_macro   0x000000000001d62e      0x2bf Core/Src/can.o
 .debug_macro   0x000000000001d8ed       0x5f Core/Src/can.o
 .debug_macro   0x000000000001d94c      0x236 Core/Src/can.o
 .debug_macro   0x000000000001db82      0x40f Core/Src/can.o
 .debug_macro   0x000000000001df91      0x132 Core/Src/can.o
 .debug_macro   0x000000000001e0c3      0x30c Core/Src/can.o
 .debug_macro   0x000000000001e3cf       0x2e Core/Src/can.o
 .debug_macro   0x000000000001e3fd      0x11a Core/Src/can.o
 .debug_macro   0x000000000001e517       0x91 Core/Src/can.o
 .debug_macro   0x000000000001e5a8       0x89 Core/Src/can.o
 .debug_macro   0x000000000001e631      0x81b Core/Src/can.o
 .debug_macro   0x000000000001ee4c      0x1d5 Core/Src/can.o
 .debug_macro   0x000000000001f021      0x225 Core/Src/can.o
 .debug_macro   0x000000000001f246      0x287 Core/Src/can.o
 .debug_macro   0x000000000001f4cd      0x134 Core/Src/can.o
 .debug_macro   0x000000000001f601       0x6a Core/Src/can.o
 .debug_macro   0x000000000001f66b      0x200 Core/Src/gpio.o
 .debug_macro   0x000000000001f86b      0x504 Core/Src/main.o
 .debug_macro   0x000000000001fd6f       0x3a Core/Src/main.o
 .debug_macro   0x000000000001fda9       0xe5 Core/Src/main.o
 .debug_macro   0x000000000001fe8e       0x18 Core/Src/main.o
 .debug_macro   0x000000000001fea6       0x46 Core/Src/main.o
 .debug_macro   0x000000000001feec       0x3c Core/Src/main.o
 .debug_macro   0x000000000001ff28       0x34 Core/Src/main.o
 .debug_macro   0x000000000001ff5c       0x16 Core/Src/main.o
 .debug_macro   0x000000000001ff72       0x35 Core/Src/main.o
 .debug_macro   0x000000000001ffa7       0x52 Core/Src/main.o
 .debug_macro   0x000000000001fff9       0x1f Core/Src/main.o
 .debug_macro   0x0000000000020018       0x43 Core/Src/main.o
 .debug_macro   0x000000000002005b       0x20 Core/Src/main.o
 .debug_macro   0x000000000002007b      0x1a3 Core/Src/main.o
 .debug_macro   0x000000000002021e      0x32a Core/Src/main.o
 .debug_macro   0x0000000000020548       0x16 Core/Src/main.o
 .debug_macro   0x000000000002055e       0x29 Core/Src/main.o
 .debug_macro   0x0000000000020587       0x12 Core/Src/main.o
 .debug_macro   0x0000000000020599       0xe2 Core/Src/main.o
 .debug_macro   0x000000000002067b       0x8e Core/Src/main.o
 .debug_macro   0x0000000000020709       0x34 Core/Src/main.o
 .debug_macro   0x000000000002073d       0x4c Core/Src/main.o
 .debug_macro   0x0000000000020789      0x1e1 Core/Src/main.o
 .debug_macro   0x000000000002096a       0x1c Core/Src/main.o
 .debug_macro   0x0000000000020986       0x10 Core/Src/main.o
 .debug_macro   0x0000000000020996       0x10 Core/Src/main.o
 .debug_macro   0x00000000000209a6       0x1c Core/Src/main.o
 .debug_macro   0x00000000000209c2       0x52 Core/Src/main.o
 .debug_macro   0x0000000000020a14       0x40 Core/Src/main.o
 .debug_macro   0x0000000000020a54       0x10 Core/Src/main.o
 .debug_macro   0x0000000000020a64       0x40 Core/Src/main.o
 .debug_macro   0x0000000000020aa4       0xd7 Core/Src/main.o
 .debug_macro   0x0000000000020b7b       0x1c Core/Src/main.o
 .debug_macro   0x0000000000020b97       0x3d Core/Src/main.o
 .debug_macro   0x0000000000020bd4       0x16 Core/Src/main.o
 .debug_macro   0x0000000000020bea      0x145 Core/Src/main.o
 .debug_macro   0x0000000000020d2f       0x22 Core/Src/main.o
 .debug_macro   0x0000000000020d51      0x14f Core/Src/main.o
 .debug_macro   0x0000000000020ea0       0x22 Core/Src/main.o
 .debug_macro   0x0000000000020ec2      0x200 Core/Src/sdio.o
 .debug_macro   0x00000000000210c2      0x200 Core/Src/spi.o
 .debug_macro   0x00000000000212c2      0x1f6 Core/Src/stm32f4xx_hal_msp.o
 .debug_macro   0x00000000000214b8      0x4f0 Core/Src/stm32f4xx_it.o
 .debug_macro   0x00000000000219a8       0xdb Core/Src/stm32f4xx_it.o
 .debug_macro   0x0000000000021a83      0x1ed Core/Src/system_stm32f4xx.o
 .debug_macro   0x0000000000021c70      0x200 Core/Src/usart.o
 .debug_macro   0x0000000000021e70      0x247 Drivers/STM32F4xx_HAL_Driver/Src/stm32f4xx_hal.o
 .debug_macro   0x00000000000220b7      0x1ef Drivers/STM32F4xx_HAL_Driver/Src/stm32f4xx_hal_can.o
 .debug_macro   0x00000000000222a6      0x1e7 Drivers/STM32F4xx_HAL_Driver/Src/stm32f4xx_hal_cortex.o
 .debug_macro   0x000000000002248d      0x21d Drivers/STM32F4xx_HAL_Driver/Src/stm32f4xx_hal_gpio.o
 .debug_macro   0x00000000000226aa      0x20b Drivers/STM32F4xx_HAL_Driver/Src/stm32f4xx_hal_rcc.o
 .debug_macro   0x00000000000228b5      0x1e7 Drivers/STM32F4xx_HAL_Driver/Src/stm32f4xx_hal_rcc_ex.o
 .debug_macro   0x0000000000022a9c      0x1e8 Drivers/STM32F4xx_HAL_Driver/Src/stm32f4xx_hal_sd.o
 .debug_macro   0x0000000000022c84      0x1f6 Drivers/STM32F4xx_HAL_Driver/Src/stm32f4xx_hal_spi.o
 .debug_macro   0x0000000000022e7a      0x1e8 Drivers/STM32F4xx_HAL_Driver/Src/stm32f4xx_hal_uart.o
 .debug_macro   0x0000000000023062      0x1e8 Drivers/STM32F4xx_HAL_Driver/Src/stm32f4xx_ll_sdmmc.o
 .debug_macro   0x000000000002324a      0x317 FATFS/App/fatfs.o
 .debug_macro   0x0000000000023561      0x1f6 FATFS/Target/bsp_driver_sd.o
 .debug_macro   0x0000000000023757       0x34 FATFS/Target/bsp_driver_sd.o
 .debug_macro   0x000000000002378b      0x31a FATFS/Target/sd_diskio.o
 .debug_macro   0x0000000000023aa5       0x16 FATFS/Target/sd_diskio.o
 .debug_macro   0x0000000000023abb       0x7c FATFS/Target/sd_diskio.o
 .debug_macro   0x0000000000023b37      0x2cf HyEnD_OS/connectivity/canTri/canTri.o
 .debug_macro   0x0000000000023e06       0x1c HyEnD_OS/connectivity/canTri/canTri.o
 .debug_macro   0x0000000000023e22       0x1c HyEnD_OS/connectivity/canTri/canTri.o
 .debug_macro   0x0000000000023e3e       0x70 HyEnD_OS/connectivity/canTri/canTri.o
 .debug_macro   0x0000000000023eae      0x20d HyEnD_OS/drivers/utils/xprintf/xprintf.o
 .debug_macro   0x00000000000240bb       0x46 HyEnD_OS/drivers/utils/xprintf/xprintf.o
 .debug_macro   0x0000000000024101       0x58 HyEnD_OS/drivers/utils/xprintf/xprintf.o
 .debug_macro   0x0000000000024159      0x304 Middlewares/Third_Party/FatFs/src/ff_gen_drv.o

.debug_line     0x0000000000000000    0x10a5c
 .debug_line    0x0000000000000000      0x723 Core/Src/can.o
 .debug_line    0x0000000000000723      0x703 Core/Src/gpio.o
 .debug_line    0x0000000000000e26     0x13a3 Core/Src/main.o
 .debug_line    0x00000000000021c9      0x72d Core/Src/sdio.o
 .debug_line    0x00000000000028f6      0x755 Core/Src/spi.o
 .debug_line    0x000000000000304b      0x6ec Core/Src/stm32f4xx_hal_msp.o
 .debug_line    0x0000000000003737     0x13df Core/Src/stm32f4xx_it.o
 .debug_line    0x0000000000004b16      0x707 Core/Src/system_stm32f4xx.o
 .debug_line    0x000000000000521d      0x720 Core/Src/usart.o
 .debug_line    0x000000000000593d       0x85 Core/Startup/startup_stm32f423rhtx.o
 .debug_line    0x00000000000059c2      0x8f1 Drivers/STM32F4xx_HAL_Driver/Src/stm32f4xx_hal.o
 .debug_line    0x00000000000062b3      0xb9e Drivers/STM32F4xx_HAL_Driver/Src/stm32f4xx_hal_can.o
 .debug_line    0x0000000000006e51      0xa15 Drivers/STM32F4xx_HAL_Driver/Src/stm32f4xx_hal_cortex.o
 .debug_line    0x0000000000007866      0x8bc Drivers/STM32F4xx_HAL_Driver/Src/stm32f4xx_hal_gpio.o
 .debug_line    0x0000000000008122      0x949 Drivers/STM32F4xx_HAL_Driver/Src/stm32f4xx_hal_rcc.o
 .debug_line    0x0000000000008a6b      0x9f2 Drivers/STM32F4xx_HAL_Driver/Src/stm32f4xx_hal_rcc_ex.o
 .debug_line    0x000000000000945d     0x1004 Drivers/STM32F4xx_HAL_Driver/Src/stm32f4xx_hal_sd.o
 .debug_line    0x000000000000a461     0x10ad Drivers/STM32F4xx_HAL_Driver/Src/stm32f4xx_hal_spi.o
 .debug_line    0x000000000000b50e     0x1011 Drivers/STM32F4xx_HAL_Driver/Src/stm32f4xx_hal_uart.o
 .debug_line    0x000000000000c51f      0xb97 Drivers/STM32F4xx_HAL_Driver/Src/stm32f4xx_ll_sdmmc.o
 .debug_line    0x000000000000d0b6      0x8d5 FATFS/App/fatfs.o
 .debug_line    0x000000000000d98b      0x823 FATFS/Target/bsp_driver_sd.o
 .debug_line    0x000000000000e1ae      0x944 FATFS/Target/sd_diskio.o
 .debug_line    0x000000000000eaf2      0xbd7 HyEnD_OS/connectivity/canTri/canTri.o
 .debug_line    0x000000000000f6c9      0xa94 HyEnD_OS/drivers/utils/xprintf/xprintf.o
 .debug_line    0x000000000001015d      0x8ff Middlewares/Third_Party/FatFs/src/ff_gen_drv.o

.debug_str      0x0000000000000000    0xd1334
 .debug_str     0x0000000000000000    0xc7956 Core/Src/can.o
                                      0xc7ca0 (size before relaxing)
 .debug_str     0x00000000000c7956       0x48 Core/Src/gpio.o
                                      0xc7a0d (size before relaxing)
 .debug_str     0x00000000000c799e     0x67a3 Core/Src/main.o
                                      0xce05a (size before relaxing)
 .debug_str     0x00000000000ce141       0x4c Core/Src/sdio.o
                                      0xc78f7 (size before relaxing)
 .debug_str     0x00000000000ce18d       0x58 Core/Src/spi.o
                                      0xc78d4 (size before relaxing)
 .debug_str     0x00000000000ce1e5       0x2c Core/Src/stm32f4xx_hal_msp.o
                                      0xc73c7 (size before relaxing)
 .debug_str     0x00000000000ce211       0xed Core/Src/stm32f4xx_it.o
                                      0xcd946 (size before relaxing)
 .debug_str     0x00000000000ce2fe       0xc4 Core/Src/system_stm32f4xx.o
                                      0xc72d6 (size before relaxing)
 .debug_str     0x00000000000ce3c2       0x57 Core/Src/usart.o
                                      0xc78a4 (size before relaxing)
 .debug_str     0x00000000000ce419       0x36 Core/Startup/startup_stm32f423rhtx.o
                                         0x77 (size before relaxing)
 .debug_str     0x00000000000ce44f      0x588 Drivers/STM32F4xx_HAL_Driver/Src/stm32f4xx_hal.o
                                      0xc7e5e (size before relaxing)
 .debug_str     0x00000000000ce9d7      0x46a Drivers/STM32F4xx_HAL_Driver/Src/stm32f4xx_hal_can.o
                                      0xc79a9 (size before relaxing)
 .debug_str     0x00000000000cee41      0x399 Drivers/STM32F4xx_HAL_Driver/Src/stm32f4xx_hal_cortex.o
                                      0xc7c29 (size before relaxing)
 .debug_str     0x00000000000cf1da      0x215 Drivers/STM32F4xx_HAL_Driver/Src/stm32f4xx_hal_gpio.o
                                      0xc7524 (size before relaxing)
 .debug_str     0x00000000000cf3ef      0x259 Drivers/STM32F4xx_HAL_Driver/Src/stm32f4xx_hal_rcc.o
                                      0xc76c8 (size before relaxing)
 .debug_str     0x00000000000cf648      0x13e Drivers/STM32F4xx_HAL_Driver/Src/stm32f4xx_hal_rcc_ex.o
                                      0xc766c (size before relaxing)
 .debug_str     0x00000000000cf786      0x6f1 Drivers/STM32F4xx_HAL_Driver/Src/stm32f4xx_hal_sd.o
                                      0xc7d9e (size before relaxing)
 .debug_str     0x00000000000cfe77      0x550 Drivers/STM32F4xx_HAL_Driver/Src/stm32f4xx_hal_spi.o
                                      0xc7b20 (size before relaxing)
 .debug_str     0x00000000000d03c7      0x513 Drivers/STM32F4xx_HAL_Driver/Src/stm32f4xx_hal_uart.o
                                      0xc7afe (size before relaxing)
 .debug_str     0x00000000000d08da      0x436 Drivers/STM32F4xx_HAL_Driver/Src/stm32f4xx_ll_sdmmc.o
                                      0xc7716 (size before relaxing)
 .debug_str     0x00000000000d0d10       0x2f FATFS/App/fatfs.o
                                      0xcab58 (size before relaxing)
 .debug_str     0x00000000000d0d3f      0x164 FATFS/Target/bsp_driver_sd.o
                                      0xc787e (size before relaxing)
 .debug_str     0x00000000000d0ea3       0xa0 FATFS/Target/sd_diskio.o
                                      0xcab45 (size before relaxing)
 .debug_str     0x00000000000d0f43      0x160 HyEnD_OS/connectivity/canTri/canTri.o
                                      0xcb21b (size before relaxing)
 .debug_str     0x00000000000d10a3      0x1c6 HyEnD_OS/drivers/utils/xprintf/xprintf.o
                                      0xc7947 (size before relaxing)
 .debug_str     0x00000000000d1269       0xcb Middlewares/Third_Party/FatFs/src/ff_gen_drv.o
                                      0xcaad5 (size before relaxing)

.comment        0x0000000000000000       0x7b
 .comment       0x0000000000000000       0x7b Core/Src/can.o
                                         0x7c (size before relaxing)
 .comment       0x000000000000007b       0x7c Core/Src/gpio.o
 .comment       0x000000000000007b       0x7c Core/Src/main.o
 .comment       0x000000000000007b       0x7c Core/Src/sdio.o
 .comment       0x000000000000007b       0x7c Core/Src/spi.o
 .comment       0x000000000000007b       0x7c Core/Src/stm32f4xx_hal_msp.o
 .comment       0x000000000000007b       0x7c Core/Src/stm32f4xx_it.o
 .comment       0x000000000000007b       0x7c Core/Src/system_stm32f4xx.o
 .comment       0x000000000000007b       0x7c Core/Src/usart.o
 .comment       0x000000000000007b       0x7c Drivers/STM32F4xx_HAL_Driver/Src/stm32f4xx_hal.o
 .comment       0x000000000000007b       0x7c Drivers/STM32F4xx_HAL_Driver/Src/stm32f4xx_hal_can.o
 .comment       0x000000000000007b       0x7c Drivers/STM32F4xx_HAL_Driver/Src/stm32f4xx_hal_cortex.o
 .comment       0x000000000000007b       0x7c Drivers/STM32F4xx_HAL_Driver/Src/stm32f4xx_hal_gpio.o
 .comment       0x000000000000007b       0x7c Drivers/STM32F4xx_HAL_Driver/Src/stm32f4xx_hal_rcc.o
 .comment       0x000000000000007b       0x7c Drivers/STM32F4xx_HAL_Driver/Src/stm32f4xx_hal_rcc_ex.o
 .comment       0x000000000000007b       0x7c Drivers/STM32F4xx_HAL_Driver/Src/stm32f4xx_hal_sd.o
 .comment       0x000000000000007b       0x7c Drivers/STM32F4xx_HAL_Driver/Src/stm32f4xx_hal_spi.o
 .comment       0x000000000000007b       0x7c Drivers/STM32F4xx_HAL_Driver/Src/stm32f4xx_hal_uart.o
 .comment       0x000000000000007b       0x7c Drivers/STM32F4xx_HAL_Driver/Src/stm32f4xx_ll_sdmmc.o
 .comment       0x000000000000007b       0x7c FATFS/App/fatfs.o
 .comment       0x000000000000007b       0x7c FATFS/Target/bsp_driver_sd.o
 .comment       0x000000000000007b       0x7c FATFS/Target/sd_diskio.o
 .comment       0x000000000000007b       0x7c HyEnD_OS/connectivity/canTri/canTri.o
 .comment       0x000000000000007b       0x7c HyEnD_OS/drivers/utils/xprintf/xprintf.o
 .comment       0x000000000000007b       0x7c Middlewares/Third_Party/FatFs/src/ff_gen_drv.o

.debug_frame    0x0000000000000000     0x3dfc
 .debug_frame   0x0000000000000000       0x74 Core/Src/can.o
 .debug_frame   0x0000000000000074       0x34 Core/Src/gpio.o
 .debug_frame   0x00000000000000a8       0x70 Core/Src/main.o
 .debug_frame   0x0000000000000118       0x78 Core/Src/sdio.o
 .debug_frame   0x0000000000000190       0x90 Core/Src/spi.o
 .debug_frame   0x0000000000000220       0x38 Core/Src/stm32f4xx_hal_msp.o
 .debug_frame   0x0000000000000258      0x144 Core/Src/stm32f4xx_it.o
 .debug_frame   0x000000000000039c       0x58 Core/Src/system_stm32f4xx.o
 .debug_frame   0x00000000000003f4       0x74 Core/Src/usart.o
 .debug_frame   0x0000000000000468      0x374 Drivers/STM32F4xx_HAL_Driver/Src/stm32f4xx_hal.o
 .debug_frame   0x00000000000007dc      0x5a0 Drivers/STM32F4xx_HAL_Driver/Src/stm32f4xx_hal_can.o
 .debug_frame   0x0000000000000d7c      0x498 Drivers/STM32F4xx_HAL_Driver/Src/stm32f4xx_hal_cortex.o
 .debug_frame   0x0000000000001214      0x14c Drivers/STM32F4xx_HAL_Driver/Src/stm32f4xx_hal_gpio.o
 .debug_frame   0x0000000000001360      0x1f0 Drivers/STM32F4xx_HAL_Driver/Src/stm32f4xx_hal_rcc.o
 .debug_frame   0x0000000000001550      0x16c Drivers/STM32F4xx_HAL_Driver/Src/stm32f4xx_hal_rcc_ex.o
 .debug_frame   0x00000000000016bc      0x650 Drivers/STM32F4xx_HAL_Driver/Src/stm32f4xx_hal_sd.o
 .debug_frame   0x0000000000001d0c      0x824 Drivers/STM32F4xx_HAL_Driver/Src/stm32f4xx_hal_spi.o
 .debug_frame   0x0000000000002530      0x844 Drivers/STM32F4xx_HAL_Driver/Src/stm32f4xx_hal_uart.o
 .debug_frame   0x0000000000002d74      0x690 Drivers/STM32F4xx_HAL_Driver/Src/stm32f4xx_ll_sdmmc.o
 .debug_frame   0x0000000000003404       0x4c FATFS/App/fatfs.o
 .debug_frame   0x0000000000003450      0x25c FATFS/Target/bsp_driver_sd.o
 .debug_frame   0x00000000000036ac       0xe8 FATFS/Target/sd_diskio.o
 .debug_frame   0x0000000000003794      0x27c HyEnD_OS/connectivity/canTri/canTri.o
 .debug_frame   0x0000000000003a10      0x278 HyEnD_OS/drivers/utils/xprintf/xprintf.o
 .debug_frame   0x0000000000003c88       0xc8 Middlewares/Third_Party/FatFs/src/ff_gen_drv.o
 .debug_frame   0x0000000000003d50       0x2c c:/st/stm32cubeide_1.5.0/stm32cubeide/plugins/com.st.stm32cube.ide.mcu.externaltools.gnu-tools-for-stm32.7-2018-q2-update.win32_1.5.0.202011040924/tools/bin/../lib/gcc/arm-none-eabi/7.3.1/../../../../arm-none-eabi/lib/thumb/v7e-m/fpv4-sp/hard\libc_nano.a(lib_a-init.o)
 .debug_frame   0x0000000000003d7c       0x20 c:/st/stm32cubeide_1.5.0/stm32cubeide/plugins/com.st.stm32cube.ide.mcu.externaltools.gnu-tools-for-stm32.7-2018-q2-update.win32_1.5.0.202011040924/tools/bin/../lib/gcc/arm-none-eabi/7.3.1/../../../../arm-none-eabi/lib/thumb/v7e-m/fpv4-sp/hard\libc_nano.a(lib_a-memset.o)
 .debug_frame   0x0000000000003d9c       0x2c c:/st/stm32cubeide_1.5.0/stm32cubeide/plugins/com.st.stm32cube.ide.mcu.externaltools.gnu-tools-for-stm32.7-2018-q2-update.win32_1.5.0.202011040924/tools/bin/../lib/gcc/arm-none-eabi/7.3.1/thumb/v7e-m/fpv4-sp/hard\libgcc.a(_aeabi_uldivmod.o)
 .debug_frame   0x0000000000003dc8       0x34 c:/st/stm32cubeide_1.5.0/stm32cubeide/plugins/com.st.stm32cube.ide.mcu.externaltools.gnu-tools-for-stm32.7-2018-q2-update.win32_1.5.0.202011040924/tools/bin/../lib/gcc/arm-none-eabi/7.3.1/thumb/v7e-m/fpv4-sp/hard\libgcc.a(_udivmoddi4.o)
